Archive member included to satisfy reference by file (symbol)

C:/ST/STM32CubeIDE_1.13.2/STM32CubeIDE/plugins/com.st.stm32cube.ide.mcu.externaltools.gnu-tools-for-stm32.11.3.rel1.win32_1.1.1.202309131626/tools/bin/../lib/gcc/arm-none-eabi/11.3.1/../../../../arm-none-eabi/lib/thumb/v7e-m+fp/hard\libc_nano.a(libc_a-exit.o)
                              C:/ST/STM32CubeIDE_1.13.2/STM32CubeIDE/plugins/com.st.stm32cube.ide.mcu.externaltools.gnu-tools-for-stm32.11.3.rel1.win32_1.1.1.202309131626/tools/bin/../lib/gcc/arm-none-eabi/11.3.1/../../../../arm-none-eabi/lib/thumb/v7e-m+fp/hard/crt0.o (exit)
C:/ST/STM32CubeIDE_1.13.2/STM32CubeIDE/plugins/com.st.stm32cube.ide.mcu.externaltools.gnu-tools-for-stm32.11.3.rel1.win32_1.1.1.202309131626/tools/bin/../lib/gcc/arm-none-eabi/11.3.1/../../../../arm-none-eabi/lib/thumb/v7e-m+fp/hard\libc_nano.a(libc_a-findfp.o)
                              C:/ST/STM32CubeIDE_1.13.2/STM32CubeIDE/plugins/com.st.stm32cube.ide.mcu.externaltools.gnu-tools-for-stm32.11.3.rel1.win32_1.1.1.202309131626/tools/bin/../lib/gcc/arm-none-eabi/11.3.1/../../../../arm-none-eabi/lib/thumb/v7e-m+fp/hard\libc_nano.a(libc_a-exit.o) (__stdio_exit_handler)
C:/ST/STM32CubeIDE_1.13.2/STM32CubeIDE/plugins/com.st.stm32cube.ide.mcu.externaltools.gnu-tools-for-stm32.11.3.rel1.win32_1.1.1.202309131626/tools/bin/../lib/gcc/arm-none-eabi/11.3.1/../../../../arm-none-eabi/lib/thumb/v7e-m+fp/hard\libc_nano.a(libc_a-fwalk.o)
                              C:/ST/STM32CubeIDE_1.13.2/STM32CubeIDE/plugins/com.st.stm32cube.ide.mcu.externaltools.gnu-tools-for-stm32.11.3.rel1.win32_1.1.1.202309131626/tools/bin/../lib/gcc/arm-none-eabi/11.3.1/../../../../arm-none-eabi/lib/thumb/v7e-m+fp/hard\libc_nano.a(libc_a-findfp.o) (_fwalk_sglue)
C:/ST/STM32CubeIDE_1.13.2/STM32CubeIDE/plugins/com.st.stm32cube.ide.mcu.externaltools.gnu-tools-for-stm32.11.3.rel1.win32_1.1.1.202309131626/tools/bin/../lib/gcc/arm-none-eabi/11.3.1/../../../../arm-none-eabi/lib/thumb/v7e-m+fp/hard\libc_nano.a(libc_a-snprintf.o)
                              ./Core/Src/main.o (snprintf)
C:/ST/STM32CubeIDE_1.13.2/STM32CubeIDE/plugins/com.st.stm32cube.ide.mcu.externaltools.gnu-tools-for-stm32.11.3.rel1.win32_1.1.1.202309131626/tools/bin/../lib/gcc/arm-none-eabi/11.3.1/../../../../arm-none-eabi/lib/thumb/v7e-m+fp/hard\libc_nano.a(libc_a-stdio.o)
                              C:/ST/STM32CubeIDE_1.13.2/STM32CubeIDE/plugins/com.st.stm32cube.ide.mcu.externaltools.gnu-tools-for-stm32.11.3.rel1.win32_1.1.1.202309131626/tools/bin/../lib/gcc/arm-none-eabi/11.3.1/../../../../arm-none-eabi/lib/thumb/v7e-m+fp/hard\libc_nano.a(libc_a-findfp.o) (__sread)
C:/ST/STM32CubeIDE_1.13.2/STM32CubeIDE/plugins/com.st.stm32cube.ide.mcu.externaltools.gnu-tools-for-stm32.11.3.rel1.win32_1.1.1.202309131626/tools/bin/../lib/gcc/arm-none-eabi/11.3.1/../../../../arm-none-eabi/lib/thumb/v7e-m+fp/hard\libc_nano.a(libc_a-memset.o)
                              C:/ST/STM32CubeIDE_1.13.2/STM32CubeIDE/plugins/com.st.stm32cube.ide.mcu.externaltools.gnu-tools-for-stm32.11.3.rel1.win32_1.1.1.202309131626/tools/bin/../lib/gcc/arm-none-eabi/11.3.1/../../../../arm-none-eabi/lib/thumb/v7e-m+fp/hard/crt0.o (memset)
C:/ST/STM32CubeIDE_1.13.2/STM32CubeIDE/plugins/com.st.stm32cube.ide.mcu.externaltools.gnu-tools-for-stm32.11.3.rel1.win32_1.1.1.202309131626/tools/bin/../lib/gcc/arm-none-eabi/11.3.1/../../../../arm-none-eabi/lib/thumb/v7e-m+fp/hard\libc_nano.a(libc_a-closer.o)
                              C:/ST/STM32CubeIDE_1.13.2/STM32CubeIDE/plugins/com.st.stm32cube.ide.mcu.externaltools.gnu-tools-for-stm32.11.3.rel1.win32_1.1.1.202309131626/tools/bin/../lib/gcc/arm-none-eabi/11.3.1/../../../../arm-none-eabi/lib/thumb/v7e-m+fp/hard\libc_nano.a(libc_a-stdio.o) (_close_r)
C:/ST/STM32CubeIDE_1.13.2/STM32CubeIDE/plugins/com.st.stm32cube.ide.mcu.externaltools.gnu-tools-for-stm32.11.3.rel1.win32_1.1.1.202309131626/tools/bin/../lib/gcc/arm-none-eabi/11.3.1/../../../../arm-none-eabi/lib/thumb/v7e-m+fp/hard\libc_nano.a(libc_a-reent.o)
                              C:/ST/STM32CubeIDE_1.13.2/STM32CubeIDE/plugins/com.st.stm32cube.ide.mcu.externaltools.gnu-tools-for-stm32.11.3.rel1.win32_1.1.1.202309131626/tools/bin/../lib/gcc/arm-none-eabi/11.3.1/../../../../arm-none-eabi/lib/thumb/v7e-m+fp/hard\libc_nano.a(libc_a-closer.o) (errno)
C:/ST/STM32CubeIDE_1.13.2/STM32CubeIDE/plugins/com.st.stm32cube.ide.mcu.externaltools.gnu-tools-for-stm32.11.3.rel1.win32_1.1.1.202309131626/tools/bin/../lib/gcc/arm-none-eabi/11.3.1/../../../../arm-none-eabi/lib/thumb/v7e-m+fp/hard\libc_nano.a(libc_a-impure.o)
                              C:/ST/STM32CubeIDE_1.13.2/STM32CubeIDE/plugins/com.st.stm32cube.ide.mcu.externaltools.gnu-tools-for-stm32.11.3.rel1.win32_1.1.1.202309131626/tools/bin/../lib/gcc/arm-none-eabi/11.3.1/../../../../arm-none-eabi/lib/thumb/v7e-m+fp/hard\libc_nano.a(libc_a-snprintf.o) (_impure_ptr)
[...]
Memory Configuration

Name             Origin             Length             Attributes
CCMRAM           0x0000000010000000 0x0000000000010000 xrw
RAM              0x0000000020000000 0x0000000000020000 xrw
FLASH            0x0000000008000000 0x0000000000080000 xr
*default*        0x0000000000000000 0xffffffffffffffff

Linker script and memory map

LOAD C:/ST/STM32CubeIDE_1.13.2/STM32CubeIDE/plugins/com.st.stm32cube.ide.mcu.externaltools.gnu-tools-for-stm32.11.3.rel1.win32_1.1.1.202309131626/tools/bin/../lib/gcc/arm-none-eabi/11.3.1/thumb/v7e-m+fp/hard/crti.o
LOAD C:/ST/STM32CubeIDE_1.13.2/STM32CubeIDE/plugins/com.st.stm32cube.ide.mcu.externaltools.gnu-tools-for-stm32.11.3.rel1.win32_1.1.1.202309131626/tools/bin/../lib/gcc/arm-none-eabi/11.3.1/thumb/v7e-m+fp/hard/crtbegin.o
LOAD C:/ST/STM32CubeIDE_1.13.2/STM32CubeIDE/plugins/com.st.stm32cube.ide.mcu.externaltools.gnu-tools-for-stm32.11.3.rel1.win32_1.1.1.202309131626/tools/bin/../lib/gcc/arm-none-eabi/11.3.1/../../../../arm-none-eabi/lib/thumb/v7e-m+fp/hard/crt0.o
LOAD ./Core/Src/ICM20948.o
LOAD ./Core/Src/freertos.o
LOAD ./Core/Src/main.o
LOAD ./Core/Src/oled.o
LOAD ./Core/Src/stm32f4xx_hal_msp.o
LOAD ./Core/Src/stm32f4xx_it.o
LOAD ./Core/Src/syscalls.o
LOAD ./Core/Src/sysmem.o
LOAD ./Core/Src/system_stm32f4xx.o
LOAD ./Core/Startup/startup_stm32f407vetx.o
LOAD ./Drivers/STM32F4xx_HAL_Driver/Src/stm32f4xx_hal.o
LOAD ./Drivers/STM32F4xx_HAL_Driver/Src/stm32f4xx_hal_adc.o
LOAD ./Drivers/STM32F4xx_HAL_Driver/Src/stm32f4xx_hal_adc_ex.o
LOAD ./Drivers/STM32F4xx_HAL_Driver/Src/stm32f4xx_hal_cortex.o
LOAD ./Drivers/STM32F4xx_HAL_Driver/Src/stm32f4xx_hal_dma.o
LOAD ./Drivers/STM32F4xx_HAL_Driver/Src/stm32f4xx_hal_dma_ex.o
LOAD ./Drivers/STM32F4xx_HAL_Driver/Src/stm32f4xx_hal_exti.o
LOAD ./Drivers/STM32F4xx_HAL_Driver/Src/stm32f4xx_hal_flash.o
LOAD ./Drivers/STM32F4xx_HAL_Driver/Src/stm32f4xx_hal_flash_ex.o
LOAD ./Drivers/STM32F4xx_HAL_Driver/Src/stm32f4xx_hal_flash_ramfunc.o
LOAD ./Drivers/STM32F4xx_HAL_Driver/Src/stm32f4xx_hal_gpio.o
LOAD ./Drivers/STM32F4xx_HAL_Driver/Src/stm32f4xx_hal_i2c.o
LOAD ./Drivers/STM32F4xx_HAL_Driver/Src/stm32f4xx_hal_i2c_ex.o
LOAD ./Drivers/STM32F4xx_HAL_Driver/Src/stm32f4xx_hal_pwr.o
LOAD ./Drivers/STM32F4xx_HAL_Driver/Src/stm32f4xx_hal_pwr_ex.o
LOAD ./Drivers/STM32F4xx_HAL_Driver/Src/stm32f4xx_hal_rcc.o
LOAD ./Drivers/STM32F4xx_HAL_Driver/Src/stm32f4xx_hal_rcc_ex.o
LOAD ./Drivers/STM32F4xx_HAL_Driver/Src/stm32f4xx_hal_tim.o
LOAD ./Drivers/STM32F4xx_HAL_Driver/Src/stm32f4xx_hal_tim_ex.o
LOAD ./Drivers/STM32F4xx_HAL_Driver/Src/stm32f4xx_hal_uart.o
LOAD ./Drivers/STM32F4xx_HAL_Driver/Src/stm32f4xx_ll_adc.o
LOAD ./Middlewares/Third_Party/FreeRTOS/Source/CMSIS_RTOS_V2/cmsis_os2.o
LOAD ./Middlewares/Third_Party/FreeRTOS/Source/croutine.o
LOAD ./Middlewares/Third_Party/FreeRTOS/Source/event_groups.o
LOAD ./Middlewares/Third_Party/FreeRTOS/Source/list.o
LOAD ./Middlewares/Third_Party/FreeRTOS/Source/queue.o
LOAD ./Middlewares/Third_Party/FreeRTOS/Source/stream_buffer.o
LOAD ./Middlewares/Third_Party/FreeRTOS/Source/tasks.o
LOAD ./Middlewares/Third_Party/FreeRTOS/Source/timers.o
LOAD ./Middlewares/Third_Party/FreeRTOS/Source/portable/GCC/ARM_CM4F/port.o
LOAD ./Middlewares/Third_Party/FreeRTOS/Source/portable/MemMang/heap_4.o
START GROUP
LOAD C:/ST/STM32CubeIDE_1.13.2/STM32CubeIDE/plugins/com.st.stm32cube.ide.mcu.externaltools.gnu-tools-for-stm32.11.3.rel1.win32_1.1.1.202309131626/tools/bin/../lib/gcc/arm-none-eabi/11.3.1/../../../../arm-none-eabi/lib/thumb/v7e-m+fp/hard\libc_nano.a
LOAD C:/ST/STM32CubeIDE_1.13.2/STM32CubeIDE/plugins/com.st.stm32cube.ide.mcu.externaltools.gnu-tools-for-stm32.11.3.rel1.win32_1.1.1.202309131626/tools/bin/../lib/gcc/arm-none-eabi/11.3.1/../../../../arm-none-eabi/lib/thumb/v7e-m+fp/hard\libm.a
END GROUP
START GROUP
LOAD C:/ST/STM32CubeIDE_1.13.2/STM32CubeIDE/plugins/com.st.stm32cube.ide.mcu.externaltools.gnu-tools-for-stm32.11.3.rel1.win32_1.1.1.202309131626/tools/bin/../lib/gcc/arm-none-eabi/11.3.1/thumb/v7e-m+fp/hard\libgcc.a
LOAD C:/ST/STM32CubeIDE_1.13.2/STM32CubeIDE/plugins/com.st.stm32cube.ide.mcu.externaltools.gnu-tools-for-stm32.11.3.rel1.win32_1.1.1.202309131626/tools/bin/../lib/gcc/arm-none-eabi/11.3.1/../../../../arm-none-eabi/lib/thumb/v7e-m+fp/hard\libc_nano.a
END GROUP
START GROUP
LOAD C:/ST/STM32CubeIDE_1.13.2/STM32CubeIDE/plugins/com.st.stm32cube.ide.mcu.externaltools.gnu-tools-for-stm32.11.3.rel1.win32_1.1.1.202309131626/tools/bin/../lib/gcc/arm-none-eabi/11.3.1/thumb/v7e-m+fp/hard\libgcc.a
LOAD C:/ST/STM32CubeIDE_1.13.2/STM32CubeIDE/plugins/com.st.stm32cube.ide.mcu.externaltools.gnu-tools-for-stm32.11.3.rel1.win32_1.1.1.202309131626/tools/bin/../lib/gcc/arm-none-eabi/11.3.1/../../../../arm-none-eabi/lib/thumb/v7e-m+fp/hard\libc_nano.a
LOAD C:/ST/STM32CubeIDE_1.13.2/STM32CubeIDE/plugins/com.st.stm32cube.ide.mcu.externaltools.gnu-tools-for-stm32.11.3.rel1.win32_1.1.1.202309131626/tools/bin/../lib/gcc/arm-none-eabi/11.3.1/../../../../arm-none-eabi/lib/thumb/v7e-m+fp/hard\libnosys.a
END GROUP
START GROUP
LOAD C:/ST/STM32CubeIDE_1.13.2/STM32CubeIDE/plugins/com.st.stm32cube.ide.mcu.externaltools.gnu-tools-for-stm32.11.3.rel1.win32_1.1.1.202309131626/tools/bin/../lib/gcc/arm-none-eabi/11.3.1/thumb/v7e-m+fp/hard\libgcc.a
LOAD C:/ST/STM32CubeIDE_1.13.2/STM32CubeIDE/plugins/com.st.stm32cube.ide.mcu.externaltools.gnu-tools-for-stm32.11.3.rel1.win32_1.1.1.202309131626/tools/bin/../lib/gcc/arm-none-eabi/11.3.1/../../../../arm-none-eabi/lib/thumb/v7e-m+fp/hard\libc_nano.a
LOAD C:/ST/STM32CubeIDE_1.13.2/STM32CubeIDE/plugins/com.st.stm32cube.ide.mcu.externaltools.gnu-tools-for-stm32.11.3.rel1.win32_1.1.1.202309131626/tools/bin/../lib/gcc/arm-none-eabi/11.3.1/../../../../arm-none-eabi/lib/thumb/v7e-m+fp/hard\libnosys.a
END GROUP
LOAD C:/ST/STM32CubeIDE_1.13.2/STM32CubeIDE/plugins/com.st.stm32cube.ide.mcu.externaltools.gnu-tools-for-stm32.11.3.rel1.win32_1.1.1.202309131626/tools/bin/../lib/gcc/arm-none-eabi/11.3.1/thumb/v7e-m+fp/hard/crtend.o
LOAD C:/ST/STM32CubeIDE_1.13.2/STM32CubeIDE/plugins/com.st.stm32cube.ide.mcu.externaltools.gnu-tools-for-stm32.11.3.rel1.win32_1.1.1.202309131626/tools/bin/../lib/gcc/arm-none-eabi/11.3.1/thumb/v7e-m+fp/hard/crtn.o
                0x0000000020020000                _estack = (ORIGIN (RAM) + LENGTH (RAM))
                0x0000000000000200                _Min_Heap_Size = 0x200
                0x0000000000000400                _Min_Stack_Size = 0x400

.isr_vector     0x0000000008000000      0x188
                0x0000000008000000                . = ALIGN (0x4)
 *(.isr_vector)
 .isr_vector    0x0000000008000000      0x188 ./Core/Startup/startup_stm32f407vetx.o
                0x0000000008000000                g_pfnVectors
                0x0000000008000188                . = ALIGN (0x4)

.text           0x0000000008000190    0x10044
                0x0000000008000190                . = ALIGN (0x4)
 *(.text)
 .text          0x0000000008000190       0x40 C:/ST/STM32CubeIDE_1.13.2/STM32CubeIDE/plugins/com.st.stm32cube.ide.mcu.externaltools.gnu-tools-for-stm32.11.3.rel1.win32_1.1.1.202309131626/tools/bin/../lib/gcc/arm-none-eabi/11.3.1/thumb/v7e-m+fp/hard/crtbegin.o
 .text          0x00000000080001d0       0xa0 C:/ST/STM32CubeIDE_1.13.2/STM32CubeIDE/plugins/com.st.stm32cube.ide.mcu.externaltools.gnu-tools-for-stm32.11.3.rel1.win32_1.1.1.202309131626/tools/bin/../lib/gcc/arm-none-eabi/11.3.1/../../../../arm-none-eabi/lib/thumb/v7e-m+fp/hard\libc_nano.a(libc_a-memchr.o)
                0x00000000080001d0                memchr
 .text          0x0000000008000270      0x378 C:/ST/STM32CubeIDE_1.13.2/STM32CubeIDE/plugins/com.st.stm32cube.ide.mcu.externaltools.gnu-tools-for-stm32.11.3.rel1.win32_1.1.1.202309131626/tools/bin/../lib/gcc/arm-none-eabi/11.3.1/thumb/v7e-m+fp/hard\libgcc.a(_arm_addsubdf3.o)
                0x0000000008000270                __aeabi_drsub
                0x0000000008000278                __aeabi_dsub
                0x0000000008000278                __subdf3
                0x000000000800027c                __aeabi_dadd
                0x000000000800027c                __adddf3
                0x00000000080004f4                __floatunsidf
                0x00000000080004f4                __aeabi_ui2d
                0x0000000008000514                __floatsidf
                0x0000000008000514                __aeabi_i2d
                0x0000000008000538                __aeabi_f2d
                0x0000000008000538                __extendsfdf2
                0x000000000800057c                __floatundidf
                0x000000000800057c                __aeabi_ul2d
                0x000000000800058c                __floatdidf
                0x000000000800058c                __aeabi_l2d
 .text          0x00000000080005e8      0x424 C:/ST/STM32CubeIDE_1.13.2/STM32CubeIDE/plugins/com.st.stm32cube.ide.mcu.externaltools.gnu-tools-for-stm32.11.3.rel1.win32_1.1.1.202309131626/tools/bin/../lib/gcc/arm-none-eabi/11.3.1/thumb/v7e-m+fp/hard\libgcc.a(_arm_muldivdf3.o)
                0x00000000080005e8                __aeabi_dmul
                0x00000000080005e8                __muldf3
                0x000000000800083c                __divdf3
                0x000000000800083c                __aeabi_ddiv
 .text          0x0000000008000a0c      0x110 C:/ST/STM32CubeIDE_1.13.2/STM32CubeIDE/plugins/com.st.stm32cube.ide.mcu.externaltools.gnu-tools-for-stm32.11.3.rel1.win32_1.1.1.202309131626/tools/bin/../lib/gcc/arm-none-eabi/11.3.1/thumb/v7e-m+fp/hard\libgcc.a(_arm_cmpdf2.o)
                0x0000000008000a0c                __gtdf2
                0x0000000008000a0c                __gedf2
                0x0000000008000a14                __ltdf2
                0x0000000008000a14                __ledf2
                0x0000000008000a1c                __nedf2
                0x0000000008000a1c                __eqdf2
                0x0000000008000a1c                __cmpdf2
                0x0000000008000a98                __aeabi_cdrcmple
                0x0000000008000aa8                __aeabi_cdcmpeq
                0x0000000008000aa8                __aeabi_cdcmple
                0x0000000008000ab8                __aeabi_dcmpeq
                0x0000000008000acc                __aeabi_dcmplt
                0x0000000008000ae0                __aeabi_dcmple
                0x0000000008000af4                __aeabi_dcmpge
                0x0000000008000b08                __aeabi_dcmpgt
 .text          0x0000000008000b1c       0x40 C:/ST/STM32CubeIDE_1.13.2/STM32CubeIDE/plugins/com.st.stm32cube.ide.mcu.externaltools.gnu-tools-for-stm32.11.3.rel1.win32_1.1.1.202309131626/tools/bin/../lib/gcc/arm-none-eabi/11.3.1/thumb/v7e-m+fp/hard\libgcc.a(_arm_fixunsdfsi.o)
                0x0000000008000b1c                __aeabi_d2uiz
                0x0000000008000b1c                __fixunsdfsi
 .text          0x0000000008000b5c       0xa0 C:/ST/STM32CubeIDE_1.13.2/STM32CubeIDE/plugins/com.st.stm32cube.ide.mcu.externaltools.gnu-tools-for-stm32.11.3.rel1.win32_1.1.1.202309131626/tools/bin/../lib/gcc/arm-none-eabi/11.3.1/thumb/v7e-m+fp/hard\libgcc.a(_arm_truncdfsf2.o)
                0x0000000008000b5c                __truncdfsf2
                0x0000000008000b5c                __aeabi_d2f
 .text          0x0000000008000bfc       0x30 C:/ST/STM32CubeIDE_1.13.2/STM32CubeIDE/plugins/com.st.stm32cube.ide.mcu.externaltools.gnu-tools-for-stm32.11.3.rel1.win32_1.1.1.202309131626/tools/bin/../lib/gcc/arm-none-eabi/11.3.1/thumb/v7e-m+fp/hard\libgcc.a(_aeabi_uldivmod.o)
                0x0000000008000bfc                __aeabi_uldivmod
 .text          0x0000000008000c2c      0x2c8 C:/ST/STM32CubeIDE_1.13.2/STM32CubeIDE/plugins/com.st.stm32cube.ide.mcu.externaltools.gnu-tools-for-stm32.11.3.rel1.win32_1.1.1.202309131626/tools/bin/../lib/gcc/arm-none-eabi/11.3.1/thumb/v7e-m+fp/hard\libgcc.a(_udivmoddi4.o)
                0x0000000008000c2c                __udivmoddi4
 .text          0x0000000008000ef4        0x4 C:/ST/STM32CubeIDE_1.13.2/STM32CubeIDE/plugins/com.st.stm32cube.ide.mcu.externaltools.gnu-tools-for-stm32.11.3.rel1.win32_1.1.1.202309131626/tools/bin/../lib/gcc/arm-none-eabi/11.3.1/thumb/v7e-m+fp/hard\libgcc.a(_dvmd_tls.o)
                0x0000000008000ef4                __aeabi_idiv0
                0x0000000008000ef4                __aeabi_ldiv0
 *(.text*)
 .text._ICM20948_SelectUserBank
                0x0000000008000ef8       0x58 ./Core/Src/ICM20948.o
                0x0000000008000ef8                _ICM20948_SelectUserBank
 .text._ICM20948_WriteByte
                0x0000000008000f50       0x5a ./Core/Src/ICM20948.o
                0x0000000008000f50                _ICM20948_WriteByte
 .text.ICM20948_init
                0x0000000008000faa       0xbe ./Core/Src/ICM20948.o
                0x0000000008000faa                ICM20948_init
 .text.HAL_TIM_IC_CaptureCallback
                0x0000000008001068      0x12c ./Core/Src/main.o
                0x0000000008001068                HAL_TIM_IC_CaptureCallback
 .text.main     0x0000000008001194      0x2b8 ./Core/Src/main.o
                0x0000000008001194                main
 .text.SystemClock_Config
                0x000000000800144c       0xbc ./Core/Src/main.o
                0x000000000800144c                SystemClock_Config
 .text.MX_ADC1_Init
                0x0000000008001508       0xa4 ./Core/Src/main.o
 .text.MX_ADC2_Init
                0x00000000080015ac       0xa4 ./Core/Src/main.o
 .text.MX_I2C1_Init
                0x0000000008001650       0x5c ./Core/Src/main.o
 .text.MX_TIM1_Init
                0x00000000080016ac      0x140 ./Core/Src/main.o
 .text.MX_TIM2_Init
                0x00000000080017ec       0xa8 ./Core/Src/main.o
 .text.MX_TIM3_Init
                0x0000000008001894       0xa8 ./Core/Src/main.o
 .text.MX_TIM4_Init
                0x000000000800193c       0xa8 ./Core/Src/main.o
 .text.MX_TIM8_Init
                0x00000000080019e4      0x154 ./Core/Src/main.o
 .text.MX_USART3_UART_Init
                0x0000000008001b38       0x54 ./Core/Src/main.o
 .text.MX_GPIO_Init
                0x0000000008001b8c      0x164 ./Core/Src/main.o
 .text.HAL_UART_RxCpltCallback
                0x0000000008001cf0      0x754 ./Core/Src/main.o
                0x0000000008001cf0                HAL_UART_RxCpltCallback
 .text.HAL_GPIO_EXTI_Callback
                0x0000000008002444       0xd8 ./Core/Src/main.o
                0x0000000008002444                HAL_GPIO_EXTI_Callback
 .text.PIDConfigInit
                0x000000000800251c       0x42 ./Core/Src/main.o
                0x000000000800251c                PIDConfigInit
 .text.PIDConfigReset
                0x000000000800255e       0x24 ./Core/Src/main.o
                0x000000000800255e                PIDConfigReset
 *fill*         0x0000000008002582        0x2 
 .text.StraightLineMove
                0x0000000008002584      0x370 ./Core/Src/main.o
                0x0000000008002584                StraightLineMove
 .text.StraightLineMoveSpeedScale
                0x00000000080028f4      0x2bc ./Core/Src/main.o
                0x00000000080028f4                StraightLineMoveSpeedScale
 .text.RobotMoveDist
                0x0000000008002bb0      0x324 ./Core/Src/main.o
                0x0000000008002bb0                RobotMoveDist
 *fill*         0x0000000008002ed4        0x4 
 .text.RobotMoveDistObstacle
                0x0000000008002ed8      0x2f4 ./Core/Src/main.o
                0x0000000008002ed8                RobotMoveDistObstacle
 *fill*         0x00000000080031cc        0x4 
 .text.RobotMoveDistObstacle_IR
                0x00000000080031d0      0x2c4 ./Core/Src/main.o
                0x00000000080031d0                RobotMoveDistObstacle_IR
 *fill*         0x0000000008003494        0x4 
 .text.RobotTurn
                0x0000000008003498      0x154 ./Core/Src/main.o
                0x0000000008003498                RobotTurn
 *fill*         0x00000000080035ec        0x4 
 .text.RobotTurnFastest
                0x00000000080035f0      0x14c ./Core/Src/main.o
                0x00000000080035f0                RobotTurnFastest
 .text.FASTESTPATH_TURN_RIGHT_90
                0x000000000800373c       0x74 ./Core/Src/main.o
                0x000000000800373c                FASTESTPATH_TURN_RIGHT_90
 .text.FASTESTPATH_TURN_RIGHT_180
                0x00000000080037b0       0x74 ./Core/Src/main.o
                0x00000000080037b0                FASTESTPATH_TURN_RIGHT_180
 .text.FASTESTPATH_TURN_LEFT_90X
                0x0000000008003824       0xb8 ./Core/Src/main.o
                0x0000000008003824                FASTESTPATH_TURN_LEFT_90X
 .text.FASTESTPATH_TURN_LEFT_90X_RETURN
                0x00000000080038dc       0xec ./Core/Src/main.o
                0x00000000080038dc                FASTESTPATH_TURN_LEFT_90X_RETURN
 .text.FASTESTPATH_TURN_RIGHT_180X
                0x00000000080039c8       0xbc ./Core/Src/main.o
                0x00000000080039c8                FASTESTPATH_TURN_RIGHT_180X
 *fill*         0x0000000008003a84        0x4 
 .text.RobotMoveUntilIROvershoot
                0x0000000008003a88      0x14c ./Core/Src/main.o
                0x0000000008003a88                RobotMoveUntilIROvershoot
 *fill*         0x0000000008003bd4        0x4 
 .text.RobotMoveUntilIRHit
                0x0000000008003bd8      0x150 ./Core/Src/main.o
                0x0000000008003bd8                RobotMoveUntilIRHit
 .text.runOledTask
                0x0000000008003d28       0xb0 ./Core/Src/main.o
                0x0000000008003d28                runOledTask
 .text.runCmdTask
                0x0000000008003dd8      0x544 ./Core/Src/main.o
                0x0000000008003dd8                runCmdTask
 .text.runADCTask
                0x000000000800431c       0xe0 ./Core/Src/main.o
                0x000000000800431c                runADCTask
 .text.runMoveDistTask
                0x00000000080043fc      0x274 ./Core/Src/main.o
                0x00000000080043fc                runMoveDistTask
 .text.runFastestPathTask
                0x0000000008004670      0x550 ./Core/Src/main.o
                0x0000000008004670                runFastestPathTask
 .text.runBuzzerTask
                0x0000000008004bc0       0xfc ./Core/Src/main.o
                0x0000000008004bc0                runBuzzerTask
 .text.runFLTask
                0x0000000008004cbc      0x434 ./Core/Src/main.o
                0x0000000008004cbc                runFLTask
 .text.runFRTask
                0x00000000080050f0      0x434 ./Core/Src/main.o
                0x00000000080050f0                runFRTask
 .text.runBLTask
                0x0000000008005524      0x438 ./Core/Src/main.o
                0x0000000008005524                runBLTask
 .text.runBRTask
                0x000000000800595c      0x43c ./Core/Src/main.o
                0x000000000800595c                runBRTask
 .text.runFastestPathTask_V2
                0x0000000008005d98      0x1a8 ./Core/Src/main.o
                0x0000000008005d98                runFastestPathTask_V2
 .text.runBatteryTask
                0x0000000008005f40       0x7c ./Core/Src/main.o
                0x0000000008005f40                runBatteryTask
 .text.runMoveDistObsTask
                0x0000000008005fbc       0xf0 ./Core/Src/main.o
                0x0000000008005fbc                runMoveDistObsTask
 .text.Error_Handler
                0x00000000080060ac        0xa ./Core/Src/main.o
                0x00000000080060ac                Error_Handler
 *fill*         0x00000000080060b6        0x2 
 .text.OLED_Refresh_Gram
                0x00000000080060b8       0x70 ./Core/Src/oled.o
                0x00000000080060b8                OLED_Refresh_Gram
 .text.OLED_WR_Byte
                0x0000000008006128       0x94 ./Core/Src/oled.o
                0x0000000008006128                OLED_WR_Byte
 .text.OLED_Clear
                0x00000000080061bc       0x4c ./Core/Src/oled.o
                0x00000000080061bc                OLED_Clear
 .text.OLED_DrawPoint
                0x0000000008006208       0xb4 ./Core/Src/oled.o
                0x0000000008006208                OLED_DrawPoint
 .text.OLED_ShowChar
                0x00000000080062bc       0xcc ./Core/Src/oled.o
                0x00000000080062bc                OLED_ShowChar
 .text.OLED_ShowString
                0x0000000008006388       0x64 ./Core/Src/oled.o
                0x0000000008006388                OLED_ShowString
 .text.OLED_Init
                0x00000000080063ec      0x118 ./Core/Src/oled.o
                0x00000000080063ec                OLED_Init
 .text.HAL_MspInit
                0x0000000008006504       0x58 ./Core/Src/stm32f4xx_hal_msp.o
                0x0000000008006504                HAL_MspInit
 .text.HAL_ADC_MspInit
                0x000000000800655c       0xe8 ./Core/Src/stm32f4xx_hal_msp.o
                0x000000000800655c                HAL_ADC_MspInit
 .text.HAL_I2C_MspInit
                0x0000000008006644       0x90 ./Core/Src/stm32f4xx_hal_msp.o
                0x0000000008006644                HAL_I2C_MspInit
 .text.HAL_TIM_Base_MspInit
                0x00000000080066d4       0xcc ./Core/Src/stm32f4xx_hal_msp.o
                0x00000000080066d4                HAL_TIM_Base_MspInit
 .text.HAL_TIM_Encoder_MspInit
                0x00000000080067a0      0x134 ./Core/Src/stm32f4xx_hal_msp.o
                0x00000000080067a0                HAL_TIM_Encoder_MspInit
 .text.HAL_TIM_IC_MspInit
                0x00000000080068d4       0xa0 ./Core/Src/stm32f4xx_hal_msp.o
                0x00000000080068d4                HAL_TIM_IC_MspInit
 .text.HAL_TIM_MspPostInit
                0x0000000008006974       0x74 ./Core/Src/stm32f4xx_hal_msp.o
                0x0000000008006974                HAL_TIM_MspPostInit
 .text.HAL_UART_MspInit
                0x00000000080069e8       0xc4 ./Core/Src/stm32f4xx_hal_msp.o
                0x00000000080069e8                HAL_UART_MspInit
 .text.NMI_Handler
                0x0000000008006aac        0x6 ./Core/Src/stm32f4xx_it.o
                0x0000000008006aac                NMI_Handler
 .text.HardFault_Handler
                0x0000000008006ab2        0x6 ./Core/Src/stm32f4xx_it.o
                0x0000000008006ab2                HardFault_Handler
 .text.MemManage_Handler
                0x0000000008006ab8        0x6 ./Core/Src/stm32f4xx_it.o
                0x0000000008006ab8                MemManage_Handler
 .text.BusFault_Handler
                0x0000000008006abe        0x6 ./Core/Src/stm32f4xx_it.o
                0x0000000008006abe                BusFault_Handler
 .text.UsageFault_Handler
                0x0000000008006ac4        0x6 ./Core/Src/stm32f4xx_it.o
                0x0000000008006ac4                UsageFault_Handler
 .text.DebugMon_Handler
                0x0000000008006aca        0xe ./Core/Src/stm32f4xx_it.o
                0x0000000008006aca                DebugMon_Handler
 .text.SysTick_Handler
                0x0000000008006ad8       0x1a ./Core/Src/stm32f4xx_it.o
                0x0000000008006ad8                SysTick_Handler
 .text.EXTI9_5_IRQHandler
                0x0000000008006af2       0x10 ./Core/Src/stm32f4xx_it.o
                0x0000000008006af2                EXTI9_5_IRQHandler
 *fill*         0x0000000008006b02        0x2 
 .text.TIM1_UP_TIM10_IRQHandler
                0x0000000008006b04       0x14 ./Core/Src/stm32f4xx_it.o
                0x0000000008006b04                TIM1_UP_TIM10_IRQHandler
 .text.TIM4_IRQHandler
                0x0000000008006b18       0x14 ./Core/Src/stm32f4xx_it.o
                0x0000000008006b18                TIM4_IRQHandler
 .text.USART3_IRQHandler
                0x0000000008006b2c       0x14 ./Core/Src/stm32f4xx_it.o
                0x0000000008006b2c                USART3_IRQHandler
 .text._sbrk    0x0000000008006b40       0x6c ./Core/Src/sysmem.o
                0x0000000008006b40                _sbrk
 .text.SystemInit
                0x0000000008006bac       0x24 ./Core/Src/system_stm32f4xx.o
                0x0000000008006bac                SystemInit
 .text.Reset_Handler
                0x0000000008006bd0       0x50 ./Core/Startup/startup_stm32f407vetx.o
                0x0000000008006bd0                Reset_Handler
 .text.Default_Handler
                0x0000000008006c20        0x2 ./Core/Startup/startup_stm32f407vetx.o
                0x0000000008006c20                RTC_Alarm_IRQHandler
                0x0000000008006c20                HASH_RNG_IRQHandler
                0x0000000008006c20                EXTI2_IRQHandler
                0x0000000008006c20                TIM8_CC_IRQHandler
                0x0000000008006c20                TIM1_CC_IRQHandler
                0x0000000008006c20                DMA2_Stream5_IRQHandler
                0x0000000008006c20                DMA1_Stream5_IRQHandler
                0x0000000008006c20                PVD_IRQHandler
                0x0000000008006c20                SDIO_IRQHandler
                0x0000000008006c20                TAMP_STAMP_IRQHandler
                0x0000000008006c20                CAN2_RX1_IRQHandler
                0x0000000008006c20                EXTI3_IRQHandler
                0x0000000008006c20                TIM8_TRG_COM_TIM14_IRQHandler
                0x0000000008006c20                TIM8_UP_TIM13_IRQHandler
                0x0000000008006c20                I2C3_ER_IRQHandler
                0x0000000008006c20                EXTI0_IRQHandler
                0x0000000008006c20                I2C2_EV_IRQHandler
                0x0000000008006c20                DMA1_Stream2_IRQHandler
                0x0000000008006c20                CAN1_RX0_IRQHandler
                0x0000000008006c20                FPU_IRQHandler
                0x0000000008006c20                OTG_HS_WKUP_IRQHandler
                0x0000000008006c20                CAN2_SCE_IRQHandler
                0x0000000008006c20                DMA2_Stream2_IRQHandler
                0x0000000008006c20                SPI1_IRQHandler
                0x0000000008006c20                TIM6_DAC_IRQHandler
                0x0000000008006c20                TIM1_BRK_TIM9_IRQHandler
                0x0000000008006c20                DCMI_IRQHandler
                0x0000000008006c20                CAN2_RX0_IRQHandler
                0x0000000008006c20                DMA2_Stream3_IRQHandler
                0x0000000008006c20                USART6_IRQHandler
                0x0000000008006c20                CAN1_RX1_IRQHandler
                0x0000000008006c20                UART5_IRQHandler
                0x0000000008006c20                DMA2_Stream0_IRQHandler
                0x0000000008006c20                I2C1_EV_IRQHandler
                0x0000000008006c20                DMA1_Stream6_IRQHandler
                0x0000000008006c20                DMA1_Stream1_IRQHandler
                0x0000000008006c20                UART4_IRQHandler
                0x0000000008006c20                TIM3_IRQHandler
                0x0000000008006c20                RCC_IRQHandler
                0x0000000008006c20                TIM8_BRK_TIM12_IRQHandler
                0x0000000008006c20                Default_Handler
                0x0000000008006c20                EXTI15_10_IRQHandler
                0x0000000008006c20                ADC_IRQHandler
                0x0000000008006c20                DMA1_Stream7_IRQHandler
                0x0000000008006c20                TIM7_IRQHandler
                0x0000000008006c20                CAN2_TX_IRQHandler
                0x0000000008006c20                TIM5_IRQHandler
                0x0000000008006c20                DMA2_Stream7_IRQHandler
                0x0000000008006c20                I2C3_EV_IRQHandler
                0x0000000008006c20                RTC_WKUP_IRQHandler
                0x0000000008006c20                ETH_WKUP_IRQHandler
                0x0000000008006c20                SPI2_IRQHandler
                0x0000000008006c20                OTG_HS_EP1_IN_IRQHandler
                0x0000000008006c20                DMA1_Stream0_IRQHandler
                0x0000000008006c20                CAN1_TX_IRQHandler
                0x0000000008006c20                EXTI4_IRQHandler
                0x0000000008006c20                FSMC_IRQHandler
                0x0000000008006c20                ETH_IRQHandler
                0x0000000008006c20                OTG_HS_EP1_OUT_IRQHandler
                0x0000000008006c20                WWDG_IRQHandler
                0x0000000008006c20                TIM2_IRQHandler
                0x0000000008006c20                OTG_FS_WKUP_IRQHandler
                0x0000000008006c20                TIM1_TRG_COM_TIM11_IRQHandler
                0x0000000008006c20                OTG_HS_IRQHandler
                0x0000000008006c20                EXTI1_IRQHandler
                0x0000000008006c20                USART2_IRQHandler
                0x0000000008006c20                I2C2_ER_IRQHandler
                0x0000000008006c20                DMA2_Stream1_IRQHandler
                0x0000000008006c20                CAN1_SCE_IRQHandler
                0x0000000008006c20                FLASH_IRQHandler
                0x0000000008006c20                DMA2_Stream4_IRQHandler
                0x0000000008006c20                USART1_IRQHandler
                0x0000000008006c20                OTG_FS_IRQHandler
                0x0000000008006c20                SPI3_IRQHandler
                0x0000000008006c20                DMA1_Stream4_IRQHandler
                0x0000000008006c20                I2C1_ER_IRQHandler
                0x0000000008006c20                DMA2_Stream6_IRQHandler
                0x0000000008006c20                DMA1_Stream3_IRQHandler
 *fill*         0x0000000008006c22        0x2 
 .text.HAL_Init
                0x0000000008006c24       0x44 ./Drivers/STM32F4xx_HAL_Driver/Src/stm32f4xx_hal.o
                0x0000000008006c24                HAL_Init
 .text.HAL_InitTick
                0x0000000008006c68       0x60 ./Drivers/STM32F4xx_HAL_Driver/Src/stm32f4xx_hal.o
                0x0000000008006c68                HAL_InitTick
 .text.HAL_IncTick
                0x0000000008006cc8       0x28 ./Drivers/STM32F4xx_HAL_Driver/Src/stm32f4xx_hal.o
                0x0000000008006cc8                HAL_IncTick
 .text.HAL_GetTick
                0x0000000008006cf0       0x18 ./Drivers/STM32F4xx_HAL_Driver/Src/stm32f4xx_hal.o
                0x0000000008006cf0                HAL_GetTick
 .text.HAL_Delay
                0x0000000008006d08       0x48 ./Drivers/STM32F4xx_HAL_Driver/Src/stm32f4xx_hal.o
                0x0000000008006d08                HAL_Delay
 .text.HAL_ADC_Init
                0x0000000008006d50       0x86 ./Drivers/STM32F4xx_HAL_Driver/Src/stm32f4xx_hal_adc.o
                0x0000000008006d50                HAL_ADC_Init
 *fill*         0x0000000008006dd6        0x2 
 .text.HAL_ADC_Start
                0x0000000008006dd8      0x1a4 ./Drivers/STM32F4xx_HAL_Driver/Src/stm32f4xx_hal_adc.o
                0x0000000008006dd8                HAL_ADC_Start
 .text.HAL_ADC_Stop
                0x0000000008006f7c       0x66 ./Drivers/STM32F4xx_HAL_Driver/Src/stm32f4xx_hal_adc.o
                0x0000000008006f7c                HAL_ADC_Stop
 .text.HAL_ADC_PollForConversion
                0x0000000008006fe2      0x116 ./Drivers/STM32F4xx_HAL_Driver/Src/stm32f4xx_hal_adc.o
                0x0000000008006fe2                HAL_ADC_PollForConversion
 .text.HAL_ADC_GetValue
                0x00000000080070f8       0x1a ./Drivers/STM32F4xx_HAL_Driver/Src/stm32f4xx_hal_adc.o
                0x00000000080070f8                HAL_ADC_GetValue
 *fill*         0x0000000008007112        0x2 
 .text.HAL_ADC_ConfigChannel
                0x0000000008007114      0x244 ./Drivers/STM32F4xx_HAL_Driver/Src/stm32f4xx_hal_adc.o
                0x0000000008007114                HAL_ADC_ConfigChannel
 .text.ADC_Init
                0x0000000008007358      0x1f8 ./Drivers/STM32F4xx_HAL_Driver/Src/stm32f4xx_hal_adc.o
 .text.__NVIC_SetPriorityGrouping
                0x0000000008007550       0x48 ./Drivers/STM32F4xx_HAL_Driver/Src/stm32f4xx_hal_cortex.o
 .text.__NVIC_GetPriorityGrouping
                0x0000000008007598       0x1c ./Drivers/STM32F4xx_HAL_Driver/Src/stm32f4xx_hal_cortex.o
 .text.__NVIC_EnableIRQ
                0x00000000080075b4       0x3c ./Drivers/STM32F4xx_HAL_Driver/Src/stm32f4xx_hal_cortex.o
 .text.__NVIC_SetPriority
                0x00000000080075f0       0x54 ./Drivers/STM32F4xx_HAL_Driver/Src/stm32f4xx_hal_cortex.o
 .text.NVIC_EncodePriority
                0x0000000008007644       0x66 ./Drivers/STM32F4xx_HAL_Driver/Src/stm32f4xx_hal_cortex.o
 *fill*         0x00000000080076aa        0x2 
 .text.SysTick_Config
                0x00000000080076ac       0x44 ./Drivers/STM32F4xx_HAL_Driver/Src/stm32f4xx_hal_cortex.o
 .text.HAL_NVIC_SetPriorityGrouping
                0x00000000080076f0       0x16 ./Drivers/STM32F4xx_HAL_Driver/Src/stm32f4xx_hal_cortex.o
                0x00000000080076f0                HAL_NVIC_SetPriorityGrouping
 .text.HAL_NVIC_SetPriority
                0x0000000008007706       0x38 ./Drivers/STM32F4xx_HAL_Driver/Src/stm32f4xx_hal_cortex.o
                0x0000000008007706                HAL_NVIC_SetPriority
 .text.HAL_NVIC_EnableIRQ
                0x000000000800773e       0x1c ./Drivers/STM32F4xx_HAL_Driver/Src/stm32f4xx_hal_cortex.o
                0x000000000800773e                HAL_NVIC_EnableIRQ
 .text.HAL_SYSTICK_Config
                0x000000000800775a       0x18 ./Drivers/STM32F4xx_HAL_Driver/Src/stm32f4xx_hal_cortex.o
                0x000000000800775a                HAL_SYSTICK_Config
 .text.HAL_DMA_Abort
                0x0000000008007772       0xe0 ./Drivers/STM32F4xx_HAL_Driver/Src/stm32f4xx_hal_dma.o
                0x0000000008007772                HAL_DMA_Abort
 .text.HAL_DMA_Abort_IT
                0x0000000008007852       0x44 ./Drivers/STM32F4xx_HAL_Driver/Src/stm32f4xx_hal_dma.o
                0x0000000008007852                HAL_DMA_Abort_IT
 *fill*         0x0000000008007896        0x2 
 .text.HAL_GPIO_Init
                0x0000000008007898      0x338 ./Drivers/STM32F4xx_HAL_Driver/Src/stm32f4xx_hal_gpio.o
                0x0000000008007898                HAL_GPIO_Init
 .text.HAL_GPIO_WritePin
                0x0000000008007bd0       0x32 ./Drivers/STM32F4xx_HAL_Driver/Src/stm32f4xx_hal_gpio.o
                0x0000000008007bd0                HAL_GPIO_WritePin
 *fill*         0x0000000008007c02        0x2 
 .text.HAL_GPIO_EXTI_IRQHandler
                0x0000000008007c04       0x30 ./Drivers/STM32F4xx_HAL_Driver/Src/stm32f4xx_hal_gpio.o
                0x0000000008007c04                HAL_GPIO_EXTI_IRQHandler
 .text.HAL_I2C_Init
                0x0000000008007c34      0x288 ./Drivers/STM32F4xx_HAL_Driver/Src/stm32f4xx_hal_i2c.o
                0x0000000008007c34                HAL_I2C_Init
 .text.HAL_I2C_Mem_Write
                0x0000000008007ebc      0x1f4 ./Drivers/STM32F4xx_HAL_Driver/Src/stm32f4xx_hal_i2c.o
                0x0000000008007ebc                HAL_I2C_Mem_Write
 .text.HAL_I2C_Mem_Read
                0x00000000080080b0      0x44c ./Drivers/STM32F4xx_HAL_Driver/Src/stm32f4xx_hal_i2c.o
                0x00000000080080b0                HAL_I2C_Mem_Read
 .text.I2C_RequestMemoryWrite
                0x00000000080084fc      0x12c ./Drivers/STM32F4xx_HAL_Driver/Src/stm32f4xx_hal_i2c.o
 .text.I2C_RequestMemoryRead
                0x0000000008008628      0x1d0 ./Drivers/STM32F4xx_HAL_Driver/Src/stm32f4xx_hal_i2c.o
 .text.I2C_WaitOnFlagUntilTimeout
                0x00000000080087f8       0xae ./Drivers/STM32F4xx_HAL_Driver/Src/stm32f4xx_hal_i2c.o
 .text.I2C_WaitOnMasterAddressFlagUntilTimeout
                0x00000000080088a6       0xfe ./Drivers/STM32F4xx_HAL_Driver/Src/stm32f4xx_hal_i2c.o
 .text.I2C_WaitOnTXEFlagUntilTimeout
                0x00000000080089a4       0x82 ./Drivers/STM32F4xx_HAL_Driver/Src/stm32f4xx_hal_i2c.o
 .text.I2C_WaitOnBTFFlagUntilTimeout
                0x0000000008008a26       0x82 ./Drivers/STM32F4xx_HAL_Driver/Src/stm32f4xx_hal_i2c.o
 .text.I2C_WaitOnRXNEFlagUntilTimeout
                0x0000000008008aa8       0xac ./Drivers/STM32F4xx_HAL_Driver/Src/stm32f4xx_hal_i2c.o
 .text.I2C_IsAcknowledgeFailed
                0x0000000008008b54       0x5e ./Drivers/STM32F4xx_HAL_Driver/Src/stm32f4xx_hal_i2c.o
 *fill*         0x0000000008008bb2        0x2 
 .text.HAL_PWR_EnableBkUpAccess
                0x0000000008008bb4       0x28 ./Drivers/STM32F4xx_HAL_Driver/Src/stm32f4xx_hal_pwr.o
                0x0000000008008bb4                HAL_PWR_EnableBkUpAccess
 .text.HAL_PWR_DisableBkUpAccess
                0x0000000008008bdc       0x28 ./Drivers/STM32F4xx_HAL_Driver/Src/stm32f4xx_hal_pwr.o
                0x0000000008008bdc                HAL_PWR_DisableBkUpAccess
 .text.HAL_RCC_OscConfig
                0x0000000008008c04      0x4f0 ./Drivers/STM32F4xx_HAL_Driver/Src/stm32f4xx_hal_rcc.o
                0x0000000008008c04                HAL_RCC_OscConfig
 .text.HAL_RCC_ClockConfig
                0x00000000080090f4      0x1cc ./Drivers/STM32F4xx_HAL_Driver/Src/stm32f4xx_hal_rcc.o
                0x00000000080090f4                HAL_RCC_ClockConfig
 .text.HAL_RCC_GetSysClockFreq
                0x00000000080092c0      0x18c ./Drivers/STM32F4xx_HAL_Driver/Src/stm32f4xx_hal_rcc.o
                0x00000000080092c0                HAL_RCC_GetSysClockFreq
 .text.HAL_RCC_GetHCLKFreq
                0x000000000800944c       0x18 ./Drivers/STM32F4xx_HAL_Driver/Src/stm32f4xx_hal_rcc.o
                0x000000000800944c                HAL_RCC_GetHCLKFreq
 .text.HAL_RCC_GetPCLK1Freq
                0x0000000008009464       0x28 ./Drivers/STM32F4xx_HAL_Driver/Src/stm32f4xx_hal_rcc.o
                0x0000000008009464                HAL_RCC_GetPCLK1Freq
 .text.HAL_RCC_GetPCLK2Freq
                0x000000000800948c       0x28 ./Drivers/STM32F4xx_HAL_Driver/Src/stm32f4xx_hal_rcc.o
                0x000000000800948c                HAL_RCC_GetPCLK2Freq
 .text.HAL_TIM_Base_Init
                0x00000000080094b4       0x9e ./Drivers/STM32F4xx_HAL_Driver/Src/stm32f4xx_hal_tim.o
                0x00000000080094b4                HAL_TIM_Base_Init
 .text.HAL_TIM_PWM_Init
                0x0000000008009552       0x9e ./Drivers/STM32F4xx_HAL_Driver/Src/stm32f4xx_hal_tim.o
                0x0000000008009552                HAL_TIM_PWM_Init
 .text.HAL_TIM_PWM_MspInit
                0x00000000080095f0       0x14 ./Drivers/STM32F4xx_HAL_Driver/Src/stm32f4xx_hal_tim.o
                0x00000000080095f0                HAL_TIM_PWM_MspInit
 .text.HAL_TIM_PWM_Start
                0x0000000008009604      0x190 ./Drivers/STM32F4xx_HAL_Driver/Src/stm32f4xx_hal_tim.o
                0x0000000008009604                HAL_TIM_PWM_Start
 .text.HAL_TIM_IC_Init
                0x0000000008009794       0x9e ./Drivers/STM32F4xx_HAL_Driver/Src/stm32f4xx_hal_tim.o
                0x0000000008009794                HAL_TIM_IC_Init
 *fill*         0x0000000008009832        0x2 
 .text.HAL_TIM_IC_Start_IT
                0x0000000008009834      0x250 ./Drivers/STM32F4xx_HAL_Driver/Src/stm32f4xx_hal_tim.o
                0x0000000008009834                HAL_TIM_IC_Start_IT
 .text.HAL_TIM_IC_Stop_IT
                0x0000000008009a84      0x15c ./Drivers/STM32F4xx_HAL_Driver/Src/stm32f4xx_hal_tim.o
                0x0000000008009a84                HAL_TIM_IC_Stop_IT
 .text.HAL_TIM_Encoder_Init
                0x0000000008009be0      0x14c ./Drivers/STM32F4xx_HAL_Driver/Src/stm32f4xx_hal_tim.o
                0x0000000008009be0                HAL_TIM_Encoder_Init
 .text.HAL_TIM_Encoder_Start
                0x0000000008009d2c      0x11c ./Drivers/STM32F4xx_HAL_Driver/Src/stm32f4xx_hal_tim.o
                0x0000000008009d2c                HAL_TIM_Encoder_Start
 .text.HAL_TIM_IRQHandler
                0x0000000008009e48      0x210 ./Drivers/STM32F4xx_HAL_Driver/Src/stm32f4xx_hal_tim.o
                0x0000000008009e48                HAL_TIM_IRQHandler
 .text.HAL_TIM_IC_ConfigChannel
                0x000000000800a058      0x138 ./Drivers/STM32F4xx_HAL_Driver/Src/stm32f4xx_hal_tim.o
                0x000000000800a058                HAL_TIM_IC_ConfigChannel
 .text.HAL_TIM_PWM_ConfigChannel
                0x000000000800a190      0x184 ./Drivers/STM32F4xx_HAL_Driver/Src/stm32f4xx_hal_tim.o
                0x000000000800a190                HAL_TIM_PWM_ConfigChannel
 .text.HAL_TIM_ConfigClockSource
                0x000000000800a314      0x18e ./Drivers/STM32F4xx_HAL_Driver/Src/stm32f4xx_hal_tim.o
                0x000000000800a314                HAL_TIM_ConfigClockSource
 *fill*         0x000000000800a4a2        0x2 
 .text.HAL_TIM_ReadCapturedValue
                0x000000000800a4a4       0x88 ./Drivers/STM32F4xx_HAL_Driver/Src/stm32f4xx_hal_tim.o
                0x000000000800a4a4                HAL_TIM_ReadCapturedValue
 .text.HAL_TIM_PeriodElapsedCallback
                0x000000000800a52c       0x14 ./Drivers/STM32F4xx_HAL_Driver/Src/stm32f4xx_hal_tim.o
                0x000000000800a52c                HAL_TIM_PeriodElapsedCallback
 .text.HAL_TIM_OC_DelayElapsedCallback
                0x000000000800a540       0x14 ./Drivers/STM32F4xx_HAL_Driver/Src/stm32f4xx_hal_tim.o
                0x000000000800a540                HAL_TIM_OC_DelayElapsedCallback
 .text.HAL_TIM_PWM_PulseFinishedCallback
                0x000000000800a554       0x14 ./Drivers/STM32F4xx_HAL_Driver/Src/stm32f4xx_hal_tim.o
                0x000000000800a554                HAL_TIM_PWM_PulseFinishedCallback
 .text.HAL_TIM_TriggerCallback
                0x000000000800a568       0x14 ./Drivers/STM32F4xx_HAL_Driver/Src/stm32f4xx_hal_tim.o
                0x000000000800a568                HAL_TIM_TriggerCallback
 .text.TIM_Base_SetConfig
                0x000000000800a57c      0x140 ./Drivers/STM32F4xx_HAL_Driver/Src/stm32f4xx_hal_tim.o
                0x000000000800a57c                TIM_Base_SetConfig
 .text.TIM_OC1_SetConfig
                0x000000000800a6bc       0xe0 ./Drivers/STM32F4xx_HAL_Driver/Src/stm32f4xx_hal_tim.o
 .text.TIM_OC2_SetConfig
                0x000000000800a79c       0xec ./Drivers/STM32F4xx_HAL_Driver/Src/stm32f4xx_hal_tim.o
                0x000000000800a79c                TIM_OC2_SetConfig
 .text.TIM_OC3_SetConfig
                0x000000000800a888       0xe8 ./Drivers/STM32F4xx_HAL_Driver/Src/stm32f4xx_hal_tim.o
 .text.TIM_OC4_SetConfig
                0x000000000800a970       0xac ./Drivers/STM32F4xx_HAL_Driver/Src/stm32f4xx_hal_tim.o
 .text.TIM_TI1_SetConfig
                0x000000000800aa1c       0xe8 ./Drivers/STM32F4xx_HAL_Driver/Src/stm32f4xx_hal_tim.o
                0x000000000800aa1c                TIM_TI1_SetConfig
 .text.TIM_TI1_ConfigInputStage
                0x000000000800ab04       0x5e ./Drivers/STM32F4xx_HAL_Driver/Src/stm32f4xx_hal_tim.o
 .text.TIM_TI2_SetConfig
                0x000000000800ab62       0x7a ./Drivers/STM32F4xx_HAL_Driver/Src/stm32f4xx_hal_tim.o
 .text.TIM_TI2_ConfigInputStage
                0x000000000800abdc       0x60 ./Drivers/STM32F4xx_HAL_Driver/Src/stm32f4xx_hal_tim.o
 .text.TIM_TI3_SetConfig
                0x000000000800ac3c       0x78 ./Drivers/STM32F4xx_HAL_Driver/Src/stm32f4xx_hal_tim.o
 .text.TIM_TI4_SetConfig
                0x000000000800acb4       0x7a ./Drivers/STM32F4xx_HAL_Driver/Src/stm32f4xx_hal_tim.o
 .text.TIM_ITRx_SetConfig
                0x000000000800ad2e       0x36 ./Drivers/STM32F4xx_HAL_Driver/Src/stm32f4xx_hal_tim.o
 .text.TIM_ETR_SetConfig
                0x000000000800ad64       0x40 ./Drivers/STM32F4xx_HAL_Driver/Src/stm32f4xx_hal_tim.o
                0x000000000800ad64                TIM_ETR_SetConfig
 .text.TIM_CCxChannelCmd
                0x000000000800ada4       0x4a ./Drivers/STM32F4xx_HAL_Driver/Src/stm32f4xx_hal_tim.o
                0x000000000800ada4                TIM_CCxChannelCmd
 *fill*         0x000000000800adee        0x2 
 .text.HAL_TIMEx_MasterConfigSynchronization
                0x000000000800adf0       0xf8 ./Drivers/STM32F4xx_HAL_Driver/Src/stm32f4xx_hal_tim_ex.o
                0x000000000800adf0                HAL_TIMEx_MasterConfigSynchronization
 .text.HAL_TIMEx_ConfigBreakDeadTime
                0x000000000800aee8       0xa4 ./Drivers/STM32F4xx_HAL_Driver/Src/stm32f4xx_hal_tim_ex.o
                0x000000000800aee8                HAL_TIMEx_ConfigBreakDeadTime
 .text.HAL_TIMEx_CommutCallback
                0x000000000800af8c       0x14 ./Drivers/STM32F4xx_HAL_Driver/Src/stm32f4xx_hal_tim_ex.o
                0x000000000800af8c                HAL_TIMEx_CommutCallback
 .text.HAL_TIMEx_BreakCallback
                0x000000000800afa0       0x14 ./Drivers/STM32F4xx_HAL_Driver/Src/stm32f4xx_hal_tim_ex.o
                0x000000000800afa0                HAL_TIMEx_BreakCallback
 .text.HAL_UART_Init
                0x000000000800afb4       0x9a ./Drivers/STM32F4xx_HAL_Driver/Src/stm32f4xx_hal_uart.o
                0x000000000800afb4                HAL_UART_Init
 .text.HAL_UART_Transmit
                0x000000000800b04e      0x124 ./Drivers/STM32F4xx_HAL_Driver/Src/stm32f4xx_hal_uart.o
                0x000000000800b04e                HAL_UART_Transmit
 .text.HAL_UART_Receive_IT
                0x000000000800b172       0x60 ./Drivers/STM32F4xx_HAL_Driver/Src/stm32f4xx_hal_uart.o
                0x000000000800b172                HAL_UART_Receive_IT
 *fill*         0x000000000800b1d2        0x2 
 .text.HAL_UART_IRQHandler
                0x000000000800b1d4      0x51c ./Drivers/STM32F4xx_HAL_Driver/Src/stm32f4xx_hal_uart.o
                0x000000000800b1d4                HAL_UART_IRQHandler
 .text.HAL_UART_TxCpltCallback
                0x000000000800b6f0       0x14 ./Drivers/STM32F4xx_HAL_Driver/Src/stm32f4xx_hal_uart.o
                0x000000000800b6f0                HAL_UART_TxCpltCallback
 .text.HAL_UART_ErrorCallback
                0x000000000800b704       0x14 ./Drivers/STM32F4xx_HAL_Driver/Src/stm32f4xx_hal_uart.o
                0x000000000800b704                HAL_UART_ErrorCallback
 .text.HAL_UARTEx_RxEventCallback
                0x000000000800b718       0x18 ./Drivers/STM32F4xx_HAL_Driver/Src/stm32f4xx_hal_uart.o
                0x000000000800b718                HAL_UARTEx_RxEventCallback
 .text.UART_WaitOnFlagUntilTimeout
                0x000000000800b730       0xdc ./Drivers/STM32F4xx_HAL_Driver/Src/stm32f4xx_hal_uart.o
 .text.UART_Start_Receive_IT
                0x000000000800b80c       0x74 ./Drivers/STM32F4xx_HAL_Driver/Src/stm32f4xx_hal_uart.o
                0x000000000800b80c                UART_Start_Receive_IT
 .text.UART_EndRxTransfer
                0x000000000800b880       0xc6 ./Drivers/STM32F4xx_HAL_Driver/Src/stm32f4xx_hal_uart.o
 .text.UART_DMAAbortOnError
                0x000000000800b946       0x28 ./Drivers/STM32F4xx_HAL_Driver/Src/stm32f4xx_hal_uart.o
 .text.UART_Transmit_IT
                0x000000000800b96e       0xa0 ./Drivers/STM32F4xx_HAL_Driver/Src/stm32f4xx_hal_uart.o
 .text.UART_EndTransmit_IT
                0x000000000800ba0e       0x30 ./Drivers/STM32F4xx_HAL_Driver/Src/stm32f4xx_hal_uart.o
 .text.UART_Receive_IT
                0x000000000800ba3e      0x176 ./Drivers/STM32F4xx_HAL_Driver/Src/stm32f4xx_hal_uart.o
 .text.UART_SetConfig
                0x000000000800bbb4      0x4e8 ./Drivers/STM32F4xx_HAL_Driver/Src/stm32f4xx_hal_uart.o
 .text.__NVIC_SetPriority
                0x000000000800c09c       0x54 ./Middlewares/Third_Party/FreeRTOS/Source/CMSIS_RTOS_V2/cmsis_os2.o
 .text.SVC_Setup
                0x000000000800c0f0       0x12 ./Middlewares/Third_Party/FreeRTOS/Source/CMSIS_RTOS_V2/cmsis_os2.o
 *fill*         0x000000000800c102        0x2 
 .text.osKernelInitialize
                0x000000000800c104       0x48 ./Middlewares/Third_Party/FreeRTOS/Source/CMSIS_RTOS_V2/cmsis_os2.o
                0x000000000800c104                osKernelInitialize
 .text.osKernelStart
                0x000000000800c14c       0x4c ./Middlewares/Third_Party/FreeRTOS/Source/CMSIS_RTOS_V2/cmsis_os2.o
                0x000000000800c14c                osKernelStart
 .text.osThreadNew
                0x000000000800c198      0x124 ./Middlewares/Third_Party/FreeRTOS/Source/CMSIS_RTOS_V2/cmsis_os2.o
                0x000000000800c198                osThreadNew
 .text.osDelay  0x000000000800c2bc       0x36 ./Middlewares/Third_Party/FreeRTOS/Source/CMSIS_RTOS_V2/cmsis_os2.o
                0x000000000800c2bc                osDelay
 *fill*         0x000000000800c2f2        0x2 
 .text.vApplicationGetIdleTaskMemory
                0x000000000800c2f4       0x34 ./Middlewares/Third_Party/FreeRTOS/Source/CMSIS_RTOS_V2/cmsis_os2.o
                0x000000000800c2f4                vApplicationGetIdleTaskMemory
 .text.vApplicationGetTimerTaskMemory
                0x000000000800c328       0x34 ./Middlewares/Third_Party/FreeRTOS/Source/CMSIS_RTOS_V2/cmsis_os2.o
                0x000000000800c328                vApplicationGetTimerTaskMemory
 .text.vListInitialise
                0x000000000800c35c       0x40 ./Middlewares/Third_Party/FreeRTOS/Source/list.o
                0x000000000800c35c                vListInitialise
 .text.vListInitialiseItem
                0x000000000800c39c       0x1a ./Middlewares/Third_Party/FreeRTOS/Source/list.o
                0x000000000800c39c                vListInitialiseItem
 .text.vListInsertEnd
                0x000000000800c3b6       0x48 ./Middlewares/Third_Party/FreeRTOS/Source/list.o
                0x000000000800c3b6                vListInsertEnd
 .text.vListInsert
                0x000000000800c3fe       0x72 ./Middlewares/Third_Party/FreeRTOS/Source/list.o
                0x000000000800c3fe                vListInsert
 .text.uxListRemove
                0x000000000800c470       0x54 ./Middlewares/Third_Party/FreeRTOS/Source/list.o
                0x000000000800c470                uxListRemove
 .text.xQueueGenericReset
                0x000000000800c4c4       0xd0 ./Middlewares/Third_Party/FreeRTOS/Source/queue.o
                0x000000000800c4c4                xQueueGenericReset
 .text.xQueueGenericCreateStatic
                0x000000000800c594       0xf0 ./Middlewares/Third_Party/FreeRTOS/Source/queue.o
                0x000000000800c594                xQueueGenericCreateStatic
 .text.prvInitialiseNewQueue
                0x000000000800c684       0x46 ./Middlewares/Third_Party/FreeRTOS/Source/queue.o
 *fill*         0x000000000800c6ca        0x2 
 .text.xQueueGenericSend
                0x000000000800c6cc      0x1fc ./Middlewares/Third_Party/FreeRTOS/Source/queue.o
                0x000000000800c6cc                xQueueGenericSend
 .text.xQueueGenericSendFromISR
                0x000000000800c8c8      0x136 ./Middlewares/Third_Party/FreeRTOS/Source/queue.o
                0x000000000800c8c8                xQueueGenericSendFromISR
 *fill*         0x000000000800c9fe        0x2 
 .text.xQueueReceive
                0x000000000800ca00      0x1c0 ./Middlewares/Third_Party/FreeRTOS/Source/queue.o
                0x000000000800ca00                xQueueReceive
 .text.prvCopyDataToQueue
                0x000000000800cbc0       0xd4 ./Middlewares/Third_Party/FreeRTOS/Source/queue.o
 .text.prvCopyDataFromQueue
                0x000000000800cc94       0x4c ./Middlewares/Third_Party/FreeRTOS/Source/queue.o
 .text.prvUnlockQueue
                0x000000000800cce0       0xa4 ./Middlewares/Third_Party/FreeRTOS/Source/queue.o
 .text.prvIsQueueEmpty
                0x000000000800cd84       0x2c ./Middlewares/Third_Party/FreeRTOS/Source/queue.o
 .text.prvIsQueueFull
                0x000000000800cdb0       0x30 ./Middlewares/Third_Party/FreeRTOS/Source/queue.o
 .text.vQueueAddToRegistry
                0x000000000800cde0       0x54 ./Middlewares/Third_Party/FreeRTOS/Source/queue.o
                0x000000000800cde0                vQueueAddToRegistry
 .text.vQueueWaitForMessageRestricted
                0x000000000800ce34       0x68 ./Middlewares/Third_Party/FreeRTOS/Source/queue.o
                0x000000000800ce34                vQueueWaitForMessageRestricted
 .text.xTaskCreateStatic
                0x000000000800ce9c       0xba ./Middlewares/Third_Party/FreeRTOS/Source/tasks.o
                0x000000000800ce9c                xTaskCreateStatic
 .text.xTaskCreate
                0x000000000800cf56       0x8a ./Middlewares/Third_Party/FreeRTOS/Source/tasks.o
                0x000000000800cf56                xTaskCreate
 .text.prvInitialiseNewTask
                0x000000000800cfe0      0x11e ./Middlewares/Third_Party/FreeRTOS/Source/tasks.o
 *fill*         0x000000000800d0fe        0x2 
 .text.prvAddNewTaskToReadyList
                0x000000000800d100       0xe0 ./Middlewares/Third_Party/FreeRTOS/Source/tasks.o
 .text.vTaskDelay
                0x000000000800d1e0       0x68 ./Middlewares/Third_Party/FreeRTOS/Source/tasks.o
                0x000000000800d1e0                vTaskDelay
 .text.vTaskStartScheduler
                0x000000000800d248       0xcc ./Middlewares/Third_Party/FreeRTOS/Source/tasks.o
                0x000000000800d248                vTaskStartScheduler
 .text.vTaskSuspendAll
                0x000000000800d314       0x1c ./Middlewares/Third_Party/FreeRTOS/Source/tasks.o
                0x000000000800d314                vTaskSuspendAll
 .text.xTaskResumeAll
                0x000000000800d330      0x13c ./Middlewares/Third_Party/FreeRTOS/Source/tasks.o
                0x000000000800d330                xTaskResumeAll
 .text.xTaskGetTickCount
                0x000000000800d46c       0x20 ./Middlewares/Third_Party/FreeRTOS/Source/tasks.o
                0x000000000800d46c                xTaskGetTickCount
 .text.xTaskIncrementTick
                0x000000000800d48c      0x174 ./Middlewares/Third_Party/FreeRTOS/Source/tasks.o
                0x000000000800d48c                xTaskIncrementTick
 .text.vTaskSwitchContext
                0x000000000800d600       0xbc ./Middlewares/Third_Party/FreeRTOS/Source/tasks.o
                0x000000000800d600                vTaskSwitchContext
 .text.vTaskPlaceOnEventList
                0x000000000800d6bc       0x48 ./Middlewares/Third_Party/FreeRTOS/Source/tasks.o
                0x000000000800d6bc                vTaskPlaceOnEventList
 .text.vTaskPlaceOnEventListRestricted
                0x000000000800d704       0x58 ./Middlewares/Third_Party/FreeRTOS/Source/tasks.o
                0x000000000800d704                vTaskPlaceOnEventListRestricted
 .text.xTaskRemoveFromEventList
                0x000000000800d75c       0xc8 ./Middlewares/Third_Party/FreeRTOS/Source/tasks.o
                0x000000000800d75c                xTaskRemoveFromEventList
 .text.vTaskInternalSetTimeOutState
                0x000000000800d824       0x2c ./Middlewares/Third_Party/FreeRTOS/Source/tasks.o
                0x000000000800d824                vTaskInternalSetTimeOutState
 .text.xTaskCheckForTimeOut
                0x000000000800d850       0xc4 ./Middlewares/Third_Party/FreeRTOS/Source/tasks.o
                0x000000000800d850                xTaskCheckForTimeOut
 .text.vTaskMissedYield
                0x000000000800d914       0x18 ./Middlewares/Third_Party/FreeRTOS/Source/tasks.o
                0x000000000800d914                vTaskMissedYield
 .text.prvIdleTask
                0x000000000800d92c       0x30 ./Middlewares/Third_Party/FreeRTOS/Source/tasks.o
 .text.prvInitialiseTaskLists
                0x000000000800d95c       0x80 ./Middlewares/Third_Party/FreeRTOS/Source/tasks.o
 .text.prvCheckTasksWaitingTermination
                0x000000000800d9dc       0x5c ./Middlewares/Third_Party/FreeRTOS/Source/tasks.o
 .text.prvDeleteTCB
                0x000000000800da38       0x5e ./Middlewares/Third_Party/FreeRTOS/Source/tasks.o
 *fill*         0x000000000800da96        0x2 
 .text.prvResetNextTaskUnblockTime
                0x000000000800da98       0x40 ./Middlewares/Third_Party/FreeRTOS/Source/tasks.o
 .text.xTaskGetSchedulerState
                0x000000000800dad8       0x3c ./Middlewares/Third_Party/FreeRTOS/Source/tasks.o
                0x000000000800dad8                xTaskGetSchedulerState
 .text.xTaskPriorityDisinherit
                0x000000000800db14       0xdc ./Middlewares/Third_Party/FreeRTOS/Source/tasks.o
                0x000000000800db14                xTaskPriorityDisinherit
 .text.prvAddCurrentTaskToDelayedList
                0x000000000800dbf0       0xa8 ./Middlewares/Third_Party/FreeRTOS/Source/tasks.o
 .text.xTimerCreateTimerTask
                0x000000000800dc98       0x90 ./Middlewares/Third_Party/FreeRTOS/Source/timers.o
                0x000000000800dc98                xTimerCreateTimerTask
 .text.xTimerGenericCommand
                0x000000000800dd28       0x9c ./Middlewares/Third_Party/FreeRTOS/Source/timers.o
                0x000000000800dd28                xTimerGenericCommand
 .text.prvProcessExpiredTimer
                0x000000000800ddc4       0x98 ./Middlewares/Third_Party/FreeRTOS/Source/timers.o
 .text.prvTimerTask
                0x000000000800de5c       0x24 ./Middlewares/Third_Party/FreeRTOS/Source/timers.o
 .text.prvProcessTimerOrBlockTask
                0x000000000800de80       0x9c ./Middlewares/Third_Party/FreeRTOS/Source/timers.o
 .text.prvGetNextExpireTime
                0x000000000800df1c       0x48 ./Middlewares/Third_Party/FreeRTOS/Source/timers.o
 .text.prvSampleTimeNow
                0x000000000800df64       0x40 ./Middlewares/Third_Party/FreeRTOS/Source/timers.o
 .text.prvInsertTimerInActiveList
                0x000000000800dfa4       0x84 ./Middlewares/Third_Party/FreeRTOS/Source/timers.o
 .text.prvProcessReceivedCommands
                0x000000000800e028      0x1c4 ./Middlewares/Third_Party/FreeRTOS/Source/timers.o
 .text.prvSwitchTimerLists
                0x000000000800e1ec       0xc8 ./Middlewares/Third_Party/FreeRTOS/Source/timers.o
 .text.prvCheckForValidListAndQueue
                0x000000000800e2b4       0x80 ./Middlewares/Third_Party/FreeRTOS/Source/timers.o
 .text.pxPortInitialiseStack
                0x000000000800e334       0x68 ./Middlewares/Third_Party/FreeRTOS/Source/portable/GCC/ARM_CM4F/port.o
                0x000000000800e334                pxPortInitialiseStack
 .text.prvTaskExitError
                0x000000000800e39c       0x58 ./Middlewares/Third_Party/FreeRTOS/Source/portable/GCC/ARM_CM4F/port.o
 *fill*         0x000000000800e3f4        0xc 
 .text.SVC_Handler
                0x000000000800e400       0x28 ./Middlewares/Third_Party/FreeRTOS/Source/portable/GCC/ARM_CM4F/port.o
                0x000000000800e400                SVC_Handler
 .text.prvPortStartFirstTask
                0x000000000800e428       0x28 ./Middlewares/Third_Party/FreeRTOS/Source/portable/GCC/ARM_CM4F/port.o
 .text.xPortStartScheduler
                0x000000000800e450      0x144 ./Middlewares/Third_Party/FreeRTOS/Source/portable/GCC/ARM_CM4F/port.o
                0x000000000800e450                xPortStartScheduler
 .text.vPortEnterCritical
                0x000000000800e594       0x60 ./Middlewares/Third_Party/FreeRTOS/Source/portable/GCC/ARM_CM4F/port.o
                0x000000000800e594                vPortEnterCritical
 .text.vPortExitCritical
                0x000000000800e5f4       0x54 ./Middlewares/Third_Party/FreeRTOS/Source/portable/GCC/ARM_CM4F/port.o
                0x000000000800e5f4                vPortExitCritical
 *fill*         0x000000000800e648        0x8 
 .text.PendSV_Handler
                0x000000000800e650       0x68 ./Middlewares/Third_Party/FreeRTOS/Source/portable/GCC/ARM_CM4F/port.o
                0x000000000800e650                PendSV_Handler
 .text.xPortSysTickHandler
                0x000000000800e6b8       0x44 ./Middlewares/Third_Party/FreeRTOS/Source/portable/GCC/ARM_CM4F/port.o
                0x000000000800e6b8                xPortSysTickHandler
 .text.vPortSetupTimerInterrupt
                0x000000000800e6fc       0x48 ./Middlewares/Third_Party/FreeRTOS/Source/portable/GCC/ARM_CM4F/port.o
                0x000000000800e6fc                vPortSetupTimerInterrupt
 .text.vPortEnableVFP
                0x000000000800e744       0x14 ./Middlewares/Third_Party/FreeRTOS/Source/portable/GCC/ARM_CM4F/port.o
 .text.vPortValidateInterruptPriority
                0x000000000800e758       0x80 ./Middlewares/Third_Party/FreeRTOS/Source/portable/GCC/ARM_CM4F/port.o
                0x000000000800e758                vPortValidateInterruptPriority
 .text.pvPortMalloc
                0x000000000800e7d8      0x198 ./Middlewares/Third_Party/FreeRTOS/Source/portable/MemMang/heap_4.o
                0x000000000800e7d8                pvPortMalloc
 .text.vPortFree
                0x000000000800e970       0xc4 ./Middlewares/Third_Party/FreeRTOS/Source/portable/MemMang/heap_4.o
                0x000000000800e970                vPortFree
 .text.prvHeapInit
                0x000000000800ea34       0xc4 ./Middlewares/Third_Party/FreeRTOS/Source/portable/MemMang/heap_4.o
 .text.prvInsertBlockIntoFreeList
                0x000000000800eaf8       0xb4 ./Middlewares/Third_Party/FreeRTOS/Source/portable/MemMang/heap_4.o
 .text.snprintf
                0x000000000800ebac       0x68 C:/ST/STM32CubeIDE_1.13.2/STM32CubeIDE/plugins/com.st.stm32cube.ide.mcu.externaltools.gnu-tools-for-stm32.11.3.rel1.win32_1.1.1.202309131626/tools/bin/../lib/gcc/arm-none-eabi/11.3.1/../../../../arm-none-eabi/lib/thumb/v7e-m+fp/hard\libc_nano.a(libc_a-snprintf.o)
                0x000000000800ebac                sniprintf
                0x000000000800ebac                snprintf
 .text.memset   0x000000000800ec14       0x10 C:/ST/STM32CubeIDE_1.13.2/STM32CubeIDE/plugins/com.st.stm32cube.ide.mcu.externaltools.gnu-tools-for-stm32.11.3.rel1.win32_1.1.1.202309131626/tools/bin/../lib/gcc/arm-none-eabi/11.3.1/../../../../arm-none-eabi/lib/thumb/v7e-m+fp/hard\libc_nano.a(libc_a-memset.o)
                0x000000000800ec14                memset
 .text.__errno  0x000000000800ec24        0xc C:/ST/STM32CubeIDE_1.13.2/STM32CubeIDE/plugins/com.st.stm32cube.ide.mcu.externaltools.gnu-tools-for-stm32.11.3.rel1.win32_1.1.1.202309131626/tools/bin/../lib/gcc/arm-none-eabi/11.3.1/../../../../arm-none-eabi/lib/thumb/v7e-m+fp/hard\libc_nano.a(libc_a-errno.o)
                0x000000000800ec24                __errno
 .text.__libc_init_array
                0x000000000800ec30       0x48 C:/ST/STM32CubeIDE_1.13.2/STM32CubeIDE/plugins/com.st.stm32cube.ide.mcu.externaltools.gnu-tools-for-stm32.11.3.rel1.win32_1.1.1.202309131626/tools/bin/../lib/gcc/arm-none-eabi/11.3.1/../../../../arm-none-eabi/lib/thumb/v7e-m+fp/hard\libc_nano.a(libc_a-init.o)
                0x000000000800ec30                __libc_init_array
 .text.__retarget_lock_acquire_recursive
                0x000000000800ec78        0x2 C:/ST/STM32CubeIDE_1.13.2/STM32CubeIDE/plugins/com.st.stm32cube.ide.mcu.externaltools.gnu-tools-for-stm32.11.3.rel1.win32_1.1.1.202309131626/tools/bin/../lib/gcc/arm-none-eabi/11.3.1/../../../../arm-none-eabi/lib/thumb/v7e-m+fp/hard\libc_nano.a(libc_a-lock.o)
                0x000000000800ec78                __retarget_lock_acquire_recursive
 .text.__retarget_lock_release_recursive
                0x000000000800ec7a        0x2 C:/ST/STM32CubeIDE_1.13.2/STM32CubeIDE/plugins/com.st.stm32cube.ide.mcu.externaltools.gnu-tools-for-stm32.11.3.rel1.win32_1.1.1.202309131626/tools/bin/../lib/gcc/arm-none-eabi/11.3.1/../../../../arm-none-eabi/lib/thumb/v7e-m+fp/hard\libc_nano.a(libc_a-lock.o)
                0x000000000800ec7a                __retarget_lock_release_recursive
 .text.memcpy   0x000000000800ec7c       0x1c C:/ST/STM32CubeIDE_1.13.2/STM32CubeIDE/plugins/com.st.stm32cube.ide.mcu.externaltools.gnu-tools-for-stm32.11.3.rel1.win32_1.1.1.202309131626/tools/bin/../lib/gcc/arm-none-eabi/11.3.1/../../../../arm-none-eabi/lib/thumb/v7e-m+fp/hard\libc_nano.a(libc_a-memcpy-stub.o)
                0x000000000800ec7c                memcpy
 .text._free_r  0x000000000800ec98       0x98 C:/ST/STM32CubeIDE_1.13.2/STM32CubeIDE/plugins/com.st.stm32cube.ide.mcu.externaltools.gnu-tools-for-stm32.11.3.rel1.win32_1.1.1.202309131626/tools/bin/../lib/gcc/arm-none-eabi/11.3.1/../../../../arm-none-eabi/lib/thumb/v7e-m+fp/hard\libc_nano.a(libc_a-freer.o)
                0x000000000800ec98                _free_r
 .text.sbrk_aligned
                0x000000000800ed30       0x40 C:/ST/STM32CubeIDE_1.13.2/STM32CubeIDE/plugins/com.st.stm32cube.ide.mcu.externaltools.gnu-tools-for-stm32.11.3.rel1.win32_1.1.1.202309131626/tools/bin/../lib/gcc/arm-none-eabi/11.3.1/../../../../arm-none-eabi/lib/thumb/v7e-m+fp/hard\libc_nano.a(libc_a-mallocr.o)
 .text._malloc_r
                0x000000000800ed70      0x100 C:/ST/STM32CubeIDE_1.13.2/STM32CubeIDE/plugins/com.st.stm32cube.ide.mcu.externaltools.gnu-tools-for-stm32.11.3.rel1.win32_1.1.1.202309131626/tools/bin/../lib/gcc/arm-none-eabi/11.3.1/../../../../arm-none-eabi/lib/thumb/v7e-m+fp/hard\libc_nano.a(libc_a-mallocr.o)
                0x000000000800ed70                _malloc_r
 .text.__malloc_lock
                0x000000000800ee70        0xc C:/ST/STM32CubeIDE_1.13.2/STM32CubeIDE/plugins/com.st.stm32cube.ide.mcu.externaltools.gnu-tools-for-stm32.11.3.rel1.win32_1.1.1.202309131626/tools/bin/../lib/gcc/arm-none-eabi/11.3.1/../../../../arm-none-eabi/lib/thumb/v7e-m+fp/hard\libc_nano.a(libc_a-mlock.o)
                0x000000000800ee70                __malloc_lock
 .text.__malloc_unlock
                0x000000000800ee7c        0xc C:/ST/STM32CubeIDE_1.13.2/STM32CubeIDE/plugins/com.st.stm32cube.ide.mcu.externaltools.gnu-tools-for-stm32.11.3.rel1.win32_1.1.1.202309131626/tools/bin/../lib/gcc/arm-none-eabi/11.3.1/../../../../arm-none-eabi/lib/thumb/v7e-m+fp/hard\libc_nano.a(libc_a-mlock.o)
                0x000000000800ee7c                __malloc_unlock
 .text.__ssputs_r
                0x000000000800ee88       0xb4 C:/ST/STM32CubeIDE_1.13.2/STM32CubeIDE/plugins/com.st.stm32cube.ide.mcu.externaltools.gnu-tools-for-stm32.11.3.rel1.win32_1.1.1.202309131626/tools/bin/../lib/gcc/arm-none-eabi/11.3.1/../../../../arm-none-eabi/lib/thumb/v7e-m+fp/hard\libc_nano.a(libc_a-nano-svfprintf.o)
                0x000000000800ee88                __ssputs_r
 .text._svfprintf_r
                0x000000000800ef3c      0x1fc C:/ST/STM32CubeIDE_1.13.2/STM32CubeIDE/plugins/com.st.stm32cube.ide.mcu.externaltools.gnu-tools-for-stm32.11.3.rel1.win32_1.1.1.202309131626/tools/bin/../lib/gcc/arm-none-eabi/11.3.1/../../../../arm-none-eabi/lib/thumb/v7e-m+fp/hard\libc_nano.a(libc_a-nano-svfprintf.o)
                0x000000000800ef3c                _svfiprintf_r
                0x000000000800ef3c                _svfprintf_r
 .text._printf_common
                0x000000000800f138       0xda C:/ST/STM32CubeIDE_1.13.2/STM32CubeIDE/plugins/com.st.stm32cube.ide.mcu.externaltools.gnu-tools-for-stm32.11.3.rel1.win32_1.1.1.202309131626/tools/bin/../lib/gcc/arm-none-eabi/11.3.1/../../../../arm-none-eabi/lib/thumb/v7e-m+fp/hard\libc_nano.a(libc_a-nano-vfprintf_i.o)
                0x000000000800f138                _printf_common
 *fill*         0x000000000800f212        0x2 
 .text._printf_i
                0x000000000800f214      0x244 C:/ST/STM32CubeIDE_1.13.2/STM32CubeIDE/plugins/com.st.stm32cube.ide.mcu.externaltools.gnu-tools-for-stm32.11.3.rel1.win32_1.1.1.202309131626/tools/bin/../lib/gcc/arm-none-eabi/11.3.1/../../../../arm-none-eabi/lib/thumb/v7e-m+fp/hard\libc_nano.a(libc_a-nano-vfprintf_i.o)
                0x000000000800f214                _printf_i
 .text.memmove  0x000000000800f458       0x34 C:/ST/STM32CubeIDE_1.13.2/STM32CubeIDE/plugins/com.st.stm32cube.ide.mcu.externaltools.gnu-tools-for-stm32.11.3.rel1.win32_1.1.1.202309131626/tools/bin/../lib/gcc/arm-none-eabi/11.3.1/../../../../arm-none-eabi/lib/thumb/v7e-m+fp/hard\libc_nano.a(libc_a-memmove.o)
                0x000000000800f458                memmove
 .text._sbrk_r  0x000000000800f48c       0x20 C:/ST/STM32CubeIDE_1.13.2/STM32CubeIDE/plugins/com.st.stm32cube.ide.mcu.externaltools.gnu-tools-for-stm32.11.3.rel1.win32_1.1.1.202309131626/tools/bin/../lib/gcc/arm-none-eabi/11.3.1/../../../../arm-none-eabi/lib/thumb/v7e-m+fp/hard\libc_nano.a(libc_a-sbrkr.o)
                0x000000000800f48c                _sbrk_r
 .text._realloc_r
                0x000000000800f4ac       0x5e C:/ST/STM32CubeIDE_1.13.2/STM32CubeIDE/plugins/com.st.stm32cube.ide.mcu.externaltools.gnu-tools-for-stm32.11.3.rel1.win32_1.1.1.202309131626/tools/bin/../lib/gcc/arm-none-eabi/11.3.1/../../../../arm-none-eabi/lib/thumb/v7e-m+fp/hard\libc_nano.a(libc_a-reallocr.o)
                0x000000000800f4ac                _realloc_r
 .text._malloc_usable_size_r
                0x000000000800f50a       0x10 C:/ST/STM32CubeIDE_1.13.2/STM32CubeIDE/plugins/com.st.stm32cube.ide.mcu.externaltools.gnu-tools-for-stm32.11.3.rel1.win32_1.1.1.202309131626/tools/bin/../lib/gcc/arm-none-eabi/11.3.1/../../../../arm-none-eabi/lib/thumb/v7e-m+fp/hard\libc_nano.a(libc_a-msizer.o)
                0x000000000800f50a                _malloc_usable_size_r
 *fill*         0x000000000800f51a        0x2 
 .text.sqrtf    0x000000000800f51c       0x3c C:/ST/STM32CubeIDE_1.13.2/STM32CubeIDE/plugins/com.st.stm32cube.ide.mcu.externaltools.gnu-tools-for-stm32.11.3.rel1.win32_1.1.1.202309131626/tools/bin/../lib/gcc/arm-none-eabi/11.3.1/../../../../arm-none-eabi/lib/thumb/v7e-m+fp/hard\libm.a(libm_a-wf_sqrt.o)
                0x000000000800f51c                sqrtf
 .text.atanf    0x000000000800f558      0x1a8 C:/ST/STM32CubeIDE_1.13.2/STM32CubeIDE/plugins/com.st.stm32cube.ide.mcu.externaltools.gnu-tools-for-stm32.11.3.rel1.win32_1.1.1.202309131626/tools/bin/../lib/gcc/arm-none-eabi/11.3.1/../../../../arm-none-eabi/lib/thumb/v7e-m+fp/hard\libm.a(libm_a-sf_atan.o)
                0x000000000800f558                atanf
 .text.fabsf    0x000000000800f700        0xe C:/ST/STM32CubeIDE_1.13.2/STM32CubeIDE/plugins/com.st.stm32cube.ide.mcu.externaltools.gnu-tools-for-stm32.11.3.rel1.win32_1.1.1.202309131626/tools/bin/../lib/gcc/arm-none-eabi/11.3.1/../../../../arm-none-eabi/lib/thumb/v7e-m+fp/hard\libm.a(libm_a-sf_fabs.o)
                0x000000000800f700                fabsf
 *fill*         0x000000000800f70e        0x2 
 .text.tanf     0x000000000800f710       0x58 C:/ST/STM32CubeIDE_1.13.2/STM32CubeIDE/plugins/com.st.stm32cube.ide.mcu.externaltools.gnu-tools-for-stm32.11.3.rel1.win32_1.1.1.202309131626/tools/bin/../lib/gcc/arm-none-eabi/11.3.1/../../../../arm-none-eabi/lib/thumb/v7e-m+fp/hard\libm.a(libm_a-sf_tan.o)
                0x000000000800f710                tanf
 .text.__ieee754_sqrtf
                0x000000000800f768        0x6 C:/ST/STM32CubeIDE_1.13.2/STM32CubeIDE/plugins/com.st.stm32cube.ide.mcu.externaltools.gnu-tools-for-stm32.11.3.rel1.win32_1.1.1.202309131626/tools/bin/../lib/gcc/arm-none-eabi/11.3.1/../../../../arm-none-eabi/lib/thumb/v7e-m+fp/hard\libm.a(libm_a-ef_sqrt.o)
                0x000000000800f768                __ieee754_sqrtf
 *fill*         0x000000000800f76e        0x2 
 .text.__kernel_tanf
                0x000000000800f770      0x1c0 C:/ST/STM32CubeIDE_1.13.2/STM32CubeIDE/plugins/com.st.stm32cube.ide.mcu.externaltools.gnu-tools-for-stm32.11.3.rel1.win32_1.1.1.202309131626/tools/bin/../lib/gcc/arm-none-eabi/11.3.1/../../../../arm-none-eabi/lib/thumb/v7e-m+fp/hard\libm.a(libm_a-kf_tan.o)
                0x000000000800f770                __kernel_tanf
 .text.__ieee754_rem_pio2f
                0x000000000800f930      0x258 C:/ST/STM32CubeIDE_1.13.2/STM32CubeIDE/plugins/com.st.stm32cube.ide.mcu.externaltools.gnu-tools-for-stm32.11.3.rel1.win32_1.1.1.202309131626/tools/bin/../lib/gcc/arm-none-eabi/11.3.1/../../../../arm-none-eabi/lib/thumb/v7e-m+fp/hard\libm.a(libm_a-ef_rem_pio2.o)
                0x000000000800f930                __ieee754_rem_pio2f
 .text.__kernel_rem_pio2f
                0x000000000800fb88      0x4e4 C:/ST/STM32CubeIDE_1.13.2/STM32CubeIDE/plugins/com.st.stm32cube.ide.mcu.externaltools.gnu-tools-for-stm32.11.3.rel1.win32_1.1.1.202309131626/tools/bin/../lib/gcc/arm-none-eabi/11.3.1/../../../../arm-none-eabi/lib/thumb/v7e-m+fp/hard\libm.a(libm_a-kf_rem_pio2.o)
                0x000000000800fb88                __kernel_rem_pio2f
 .text.scalbnf  0x000000000801006c       0xcc C:/ST/STM32CubeIDE_1.13.2/STM32CubeIDE/plugins/com.st.stm32cube.ide.mcu.externaltools.gnu-tools-for-stm32.11.3.rel1.win32_1.1.1.202309131626/tools/bin/../lib/gcc/arm-none-eabi/11.3.1/../../../../arm-none-eabi/lib/thumb/v7e-m+fp/hard\libm.a(libm_a-sf_scalbn.o)
                0x000000000801006c                scalbnf
 .text.floorf   0x0000000008010138       0x84 C:/ST/STM32CubeIDE_1.13.2/STM32CubeIDE/plugins/com.st.stm32cube.ide.mcu.externaltools.gnu-tools-for-stm32.11.3.rel1.win32_1.1.1.202309131626/tools/bin/../lib/gcc/arm-none-eabi/11.3.1/../../../../arm-none-eabi/lib/thumb/v7e-m+fp/hard\libm.a(libm_a-sf_floor.o)
                0x0000000008010138                floorf
 *(.glue_7)
 .glue_7        0x00000000080101bc        0x0 linker stubs
 *(.glue_7t)
 .glue_7t       0x00000000080101bc        0x0 linker stubs
 *(.eh_frame)
 .eh_frame      0x00000000080101bc        0x0 C:/ST/STM32CubeIDE_1.13.2/STM32CubeIDE/plugins/com.st.stm32cube.ide.mcu.externaltools.gnu-tools-for-stm32.11.3.rel1.win32_1.1.1.202309131626/tools/bin/../lib/gcc/arm-none-eabi/11.3.1/thumb/v7e-m+fp/hard/crtbegin.o
 *(.init)
 .init          0x00000000080101bc        0x4 C:/ST/STM32CubeIDE_1.13.2/STM32CubeIDE/plugins/com.st.stm32cube.ide.mcu.externaltools.gnu-tools-for-stm32.11.3.rel1.win32_1.1.1.202309131626/tools/bin/../lib/gcc/arm-none-eabi/11.3.1/thumb/v7e-m+fp/hard/crti.o
                0x00000000080101bc                _init
 .init          0x00000000080101c0        0x8 C:/ST/STM32CubeIDE_1.13.2/STM32CubeIDE/plugins/com.st.stm32cube.ide.mcu.externaltools.gnu-tools-for-stm32.11.3.rel1.win32_1.1.1.202309131626/tools/bin/../lib/gcc/arm-none-eabi/11.3.1/thumb/v7e-m+fp/hard/crtn.o
 *(.fini)
 .fini          0x00000000080101c8        0x4 C:/ST/STM32CubeIDE_1.13.2/STM32CubeIDE/plugins/com.st.stm32cube.ide.mcu.externaltools.gnu-tools-for-stm32.11.3.rel1.win32_1.1.1.202309131626/tools/bin/../lib/gcc/arm-none-eabi/11.3.1/thumb/v7e-m+fp/hard/crti.o
                0x00000000080101c8                _fini
 .fini          0x00000000080101cc        0x8 C:/ST/STM32CubeIDE_1.13.2/STM32CubeIDE/plugins/com.st.stm32cube.ide.mcu.externaltools.gnu-tools-for-stm32.11.3.rel1.win32_1.1.1.202309131626/tools/bin/../lib/gcc/arm-none-eabi/11.3.1/thumb/v7e-m+fp/hard/crtn.o
                0x00000000080101d4                . = ALIGN (0x4)
                0x00000000080101d4                _etext = .

.vfp11_veneer   0x00000000080101d4        0x0
 .vfp11_veneer  0x00000000080101d4        0x0 linker stubs

.v4_bx          0x00000000080101d4        0x0
 .v4_bx         0x00000000080101d4        0x0 linker stubs

.iplt           0x00000000080101d4        0x0
 .iplt          0x00000000080101d4        0x0 C:/ST/STM32CubeIDE_1.13.2/STM32CubeIDE/plugins/com.st.stm32cube.ide.mcu.externaltools.gnu-tools-for-stm32.11.3.rel1.win32_1.1.1.202309131626/tools/bin/../lib/gcc/arm-none-eabi/11.3.1/thumb/v7e-m+fp/hard/crtbegin.o

.rodata         0x00000000080101d4      0xb68
                0x00000000080101d4                . = ALIGN (0x4)
 *(.rodata)
 .rodata        0x00000000080101d4       0xcc ./Core/Src/main.o
 .rodata        0x00000000080102a0        0x5 ./Middlewares/Third_Party/FreeRTOS/Source/tasks.o
 *fill*         0x00000000080102a5        0x3 
 .rodata        0x00000000080102a8        0xd ./Middlewares/Third_Party/FreeRTOS/Source/timers.o
 *(.rodata*)
 *fill*         0x00000000080102b5        0x3 
 .rodata.oledTask_attributes
                0x00000000080102b8       0x24 ./Core/Src/main.o
                0x00000000080102b8                oledTask_attributes
 .rodata.commandTask_attributes
                0x00000000080102dc       0x24 ./Core/Src/main.o
                0x00000000080102dc                commandTask_attributes
 .rodata.ADCTask_attributes
                0x0000000008010300       0x24 ./Core/Src/main.o
                0x0000000008010300                ADCTask_attributes
 .rodata.moveDistTask_attributes
                0x0000000008010324       0x24 ./Core/Src/main.o
                0x0000000008010324                moveDistTask_attributes
 .rodata.fastestPathTask_attributes
                0x0000000008010348       0x24 ./Core/Src/main.o
                0x0000000008010348                fastestPathTask_attributes
 .rodata.buzzerTask_attributes
                0x000000000801036c       0x24 ./Core/Src/main.o
                0x000000000801036c                buzzerTask_attributes
 .rodata.FLTask_attributes
                0x0000000008010390       0x24 ./Core/Src/main.o
                0x0000000008010390                FLTask_attributes
 .rodata.FRTask_attributes
                0x00000000080103b4       0x24 ./Core/Src/main.o
                0x00000000080103b4                FRTask_attributes
 .rodata.BLTask_attributes
                0x00000000080103d8       0x24 ./Core/Src/main.o
                0x00000000080103d8                BLTask_attributes
 .rodata.BRTask_attributes
                0x00000000080103fc       0x24 ./Core/Src/main.o
                0x00000000080103fc                BRTask_attributes
 .rodata.fastestPathV2_attributes
                0x0000000008010420       0x24 ./Core/Src/main.o
                0x0000000008010420                fastestPathV2_attributes
 .rodata.batteryTask_attributes
                0x0000000008010444       0x24 ./Core/Src/main.o
                0x0000000008010444                batteryTask_attributes
 .rodata.moveDistObsTask_attributes
                0x0000000008010468       0x24 ./Core/Src/main.o
                0x0000000008010468                moveDistObsTask_attributes
 .rodata.oled_asc2_1206
                0x000000000801048c      0x474 ./Core/Src/oled.o
                0x000000000801048c                oled_asc2_1206
 .rodata.AHBPrescTable
                0x0000000008010900       0x10 ./Core/Src/system_stm32f4xx.o
                0x0000000008010900                AHBPrescTable
 .rodata.APBPrescTable
                0x0000000008010910        0x8 ./Core/Src/system_stm32f4xx.o
                0x0000000008010910                APBPrescTable
 .rodata._svfprintf_r.str1.1
                0x0000000008010918       0x11 C:/ST/STM32CubeIDE_1.13.2/STM32CubeIDE/plugins/com.st.stm32cube.ide.mcu.externaltools.gnu-tools-for-stm32.11.3.rel1.win32_1.1.1.202309131626/tools/bin/../lib/gcc/arm-none-eabi/11.3.1/../../../../arm-none-eabi/lib/thumb/v7e-m+fp/hard\libc_nano.a(libc_a-nano-svfprintf.o)
 .rodata._printf_i.str1.1
                0x0000000008010929       0x22 C:/ST/STM32CubeIDE_1.13.2/STM32CubeIDE/plugins/com.st.stm32cube.ide.mcu.externaltools.gnu-tools-for-stm32.11.3.rel1.win32_1.1.1.202309131626/tools/bin/../lib/gcc/arm-none-eabi/11.3.1/../../../../arm-none-eabi/lib/thumb/v7e-m+fp/hard\libc_nano.a(libc_a-nano-vfprintf_i.o)
 *fill*         0x000000000801094b        0x1 
 .rodata.atanhi
                0x000000000801094c       0x10 C:/ST/STM32CubeIDE_1.13.2/STM32CubeIDE/plugins/com.st.stm32cube.ide.mcu.externaltools.gnu-tools-for-stm32.11.3.rel1.win32_1.1.1.202309131626/tools/bin/../lib/gcc/arm-none-eabi/11.3.1/../../../../arm-none-eabi/lib/thumb/v7e-m+fp/hard\libm.a(libm_a-sf_atan.o)
 .rodata.atanlo
                0x000000000801095c       0x10 C:/ST/STM32CubeIDE_1.13.2/STM32CubeIDE/plugins/com.st.stm32cube.ide.mcu.externaltools.gnu-tools-for-stm32.11.3.rel1.win32_1.1.1.202309131626/tools/bin/../lib/gcc/arm-none-eabi/11.3.1/../../../../arm-none-eabi/lib/thumb/v7e-m+fp/hard\libm.a(libm_a-sf_atan.o)
 .rodata.npio2_hw
                0x000000000801096c       0x80 C:/ST/STM32CubeIDE_1.13.2/STM32CubeIDE/plugins/com.st.stm32cube.ide.mcu.externaltools.gnu-tools-for-stm32.11.3.rel1.win32_1.1.1.202309131626/tools/bin/../lib/gcc/arm-none-eabi/11.3.1/../../../../arm-none-eabi/lib/thumb/v7e-m+fp/hard\libm.a(libm_a-ef_rem_pio2.o)
 .rodata.two_over_pi
                0x00000000080109ec      0x318 C:/ST/STM32CubeIDE_1.13.2/STM32CubeIDE/plugins/com.st.stm32cube.ide.mcu.externaltools.gnu-tools-for-stm32.11.3.rel1.win32_1.1.1.202309131626/tools/bin/../lib/gcc/arm-none-eabi/11.3.1/../../../../arm-none-eabi/lib/thumb/v7e-m+fp/hard\libm.a(libm_a-ef_rem_pio2.o)
 .rodata.PIo2   0x0000000008010d04       0x2c C:/ST/STM32CubeIDE_1.13.2/STM32CubeIDE/plugins/com.st.stm32cube.ide.mcu.externaltools.gnu-tools-for-stm32.11.3.rel1.win32_1.1.1.202309131626/tools/bin/../lib/gcc/arm-none-eabi/11.3.1/../../../../arm-none-eabi/lib/thumb/v7e-m+fp/hard\libm.a(libm_a-kf_rem_pio2.o)
 .rodata.init_jk
                0x0000000008010d30        0xc C:/ST/STM32CubeIDE_1.13.2/STM32CubeIDE/plugins/com.st.stm32cube.ide.mcu.externaltools.gnu-tools-for-stm32.11.3.rel1.win32_1.1.1.202309131626/tools/bin/../lib/gcc/arm-none-eabi/11.3.1/../../../../arm-none-eabi/lib/thumb/v7e-m+fp/hard\libm.a(libm_a-kf_rem_pio2.o)
                0x0000000008010d3c                . = ALIGN (0x4)

.ARM.extab      0x0000000008010d3c        0x0
                0x0000000008010d3c                . = ALIGN (0x4)
 *(.ARM.extab* .gnu.linkonce.armextab.*)
                0x0000000008010d3c                . = ALIGN (0x4)

.ARM            0x0000000008010d3c        0x8
                0x0000000008010d3c                . = ALIGN (0x4)
                0x0000000008010d3c                __exidx_start = .
 *(.ARM.exidx*)
 .ARM.exidx     0x0000000008010d3c        0x8 C:/ST/STM32CubeIDE_1.13.2/STM32CubeIDE/plugins/com.st.stm32cube.ide.mcu.externaltools.gnu-tools-for-stm32.11.3.rel1.win32_1.1.1.202309131626/tools/bin/../lib/gcc/arm-none-eabi/11.3.1/thumb/v7e-m+fp/hard\libgcc.a(_udivmoddi4.o)
                0x0000000008010d44                __exidx_end = .
                0x0000000008010d44                . = ALIGN (0x4)

.rel.dyn        0x0000000008010d44        0x0
 .rel.iplt      0x0000000008010d44        0x0 C:/ST/STM32CubeIDE_1.13.2/STM32CubeIDE/plugins/com.st.stm32cube.ide.mcu.externaltools.gnu-tools-for-stm32.11.3.rel1.win32_1.1.1.202309131626/tools/bin/../lib/gcc/arm-none-eabi/11.3.1/thumb/v7e-m+fp/hard/crtbegin.o

.preinit_array  0x0000000008010d44        0x0
                0x0000000008010d44                . = ALIGN (0x4)
                0x0000000008010d44                PROVIDE (__preinit_array_start = .)
 *(.preinit_array*)
                0x0000000008010d44                PROVIDE (__preinit_array_end = .)
                0x0000000008010d44                . = ALIGN (0x4)

.init_array     0x0000000008010d44        0x4
                0x0000000008010d44                . = ALIGN (0x4)
                0x0000000008010d44                PROVIDE (__init_array_start = .)
 *(SORT_BY_NAME(.init_array.*))
 *(.init_array*)
 .init_array    0x0000000008010d44        0x4 C:/ST/STM32CubeIDE_1.13.2/STM32CubeIDE/plugins/com.st.stm32cube.ide.mcu.externaltools.gnu-tools-for-stm32.11.3.rel1.win32_1.1.1.202309131626/tools/bin/../lib/gcc/arm-none-eabi/11.3.1/thumb/v7e-m+fp/hard/crtbegin.o
                0x0000000008010d48                PROVIDE (__init_array_end = .)
                0x0000000008010d48                . = ALIGN (0x4)

.fini_array     0x0000000008010d48        0x4
                0x0000000008010d48                . = ALIGN (0x4)
                [!provide]                        PROVIDE (__fini_array_start = .)
 *(SORT_BY_NAME(.fini_array.*))
 *(.fini_array*)
 .fini_array    0x0000000008010d48        0x4 C:/ST/STM32CubeIDE_1.13.2/STM32CubeIDE/plugins/com.st.stm32cube.ide.mcu.externaltools.gnu-tools-for-stm32.11.3.rel1.win32_1.1.1.202309131626/tools/bin/../lib/gcc/arm-none-eabi/11.3.1/thumb/v7e-m+fp/hard/crtbegin.o
                [!provide]                        PROVIDE (__fini_array_end = .)
                0x0000000008010d4c                . = ALIGN (0x4)
                0x0000000008010d4c                _sidata = LOADADDR (.data)

.data           0x0000000020000000      0x1a0 load address 0x0000000008010d4c
                0x0000000020000000                . = ALIGN (0x4)
                0x0000000020000000                _sdata = .
 *(.data)
 *(.data*)
 .data.RX_BUFFER_SIZE
                0x0000000020000000        0x1 ./Core/Src/main.o
                0x0000000020000000                RX_BUFFER_SIZE
 .data.CMD_BUFFER_SIZE
                0x0000000020000001        0x1 ./Core/Src/main.o
                0x0000000020000001                CMD_BUFFER_SIZE
 *fill*         0x0000000020000002        0x2 
 .data.cfgs     0x0000000020000004      0x130 ./Core/Src/main.o
                0x0000000020000004                cfgs
 .data.curTask  0x0000000020000134        0x1 ./Core/Src/main.o
                0x0000000020000134                curTask
 .data.prevTask
                0x0000000020000135        0x1 ./Core/Src/main.o
                0x0000000020000135                prevTask
 .data.moveMode
                0x0000000020000136        0x1 ./Core/Src/main.o
                0x0000000020000136                moveMode
 *fill*         0x0000000020000137        0x1 
 .data.speedScale
                0x0000000020000138        0x4 ./Core/Src/main.o
                0x0000000020000138                speedScale
 .data.dir      0x000000002000013c        0x1 ./Core/Src/main.o
                0x000000002000013c                dir
 *fill*         0x000000002000013d        0x3 
 .data.SystemCoreClock
                0x0000000020000140        0x4 ./Core/Src/system_stm32f4xx.o
                0x0000000020000140                SystemCoreClock
 .data.uwTickPrio
                0x0000000020000144        0x4 ./Drivers/STM32F4xx_HAL_Driver/Src/stm32f4xx_hal.o
                0x0000000020000144                uwTickPrio
 .data.uwTickFreq
                0x0000000020000148        0x1 ./Drivers/STM32F4xx_HAL_Driver/Src/stm32f4xx_hal.o
                0x0000000020000148                uwTickFreq
 *fill*         0x0000000020000149        0x3 
 .data.uxCriticalNesting
                0x000000002000014c        0x4 ./Middlewares/Third_Party/FreeRTOS/Source/portable/GCC/ARM_CM4F/port.o
 .data._impure_data
                0x0000000020000150       0x4c C:/ST/STM32CubeIDE_1.13.2/STM32CubeIDE/plugins/com.st.stm32cube.ide.mcu.externaltools.gnu-tools-for-stm32.11.3.rel1.win32_1.1.1.202309131626/tools/bin/../lib/gcc/arm-none-eabi/11.3.1/../../../../arm-none-eabi/lib/thumb/v7e-m+fp/hard\libc_nano.a(libc_a-impure.o)
                0x0000000020000150                _impure_data
 .data._impure_ptr
                0x000000002000019c        0x4 C:/ST/STM32CubeIDE_1.13.2/STM32CubeIDE/plugins/com.st.stm32cube.ide.mcu.externaltools.gnu-tools-for-stm32.11.3.rel1.win32_1.1.1.202309131626/tools/bin/../lib/gcc/arm-none-eabi/11.3.1/../../../../arm-none-eabi/lib/thumb/v7e-m+fp/hard\libc_nano.a(libc_a-impure.o)
                0x000000002000019c                _impure_ptr
 *(.RamFunc)
 *(.RamFunc*)
                0x00000000200001a0                . = ALIGN (0x4)
                0x00000000200001a0                _edata = .
                0x0000000008010eec                _siccmram = LOADADDR (.ccmram)

.igot.plt       0x00000000200001a0        0x0 load address 0x0000000008010eec
 .igot.plt      0x00000000200001a0        0x0 C:/ST/STM32CubeIDE_1.13.2/STM32CubeIDE/plugins/com.st.stm32cube.ide.mcu.externaltools.gnu-tools-for-stm32.11.3.rel1.win32_1.1.1.202309131626/tools/bin/../lib/gcc/arm-none-eabi/11.3.1/thumb/v7e-m+fp/hard/crtbegin.o

.ccmram         0x0000000010000000        0x0 load address 0x0000000008010eec
                0x0000000010000000                . = ALIGN (0x4)
                0x0000000010000000                _sccmram = .
 *(.ccmram)
 *(.ccmram*)
                0x0000000010000000                . = ALIGN (0x4)
                0x0000000010000000                _eccmram = .
                0x0000000010000000                . = ALIGN (0x4)

.bss            0x00000000200001a0     0x5288
                0x00000000200001a0                _sbss = .
                0x00000000200001a0                __bss_start__ = _sbss
 *(.bss)
 .bss           0x00000000200001a0       0x1c C:/ST/STM32CubeIDE_1.13.2/STM32CubeIDE/plugins/com.st.stm32cube.ide.mcu.externaltools.gnu-tools-for-stm32.11.3.rel1.win32_1.1.1.202309131626/tools/bin/../lib/gcc/arm-none-eabi/11.3.1/thumb/v7e-m+fp/hard/crtbegin.o
 *(.bss*)
 .bss.hadc1     0x00000000200001bc       0x48 ./Core/Src/main.o
                0x00000000200001bc                hadc1
 .bss.hadc2     0x0000000020000204       0x48 ./Core/Src/main.o
                0x0000000020000204                hadc2
 .bss.hi2c1     0x000000002000024c       0x54 ./Core/Src/main.o
                0x000000002000024c                hi2c1
 .bss.htim1     0x00000000200002a0       0x48 ./Core/Src/main.o
                0x00000000200002a0                htim1
 .bss.htim2     0x00000000200002e8       0x48 ./Core/Src/main.o
                0x00000000200002e8                htim2
 .bss.htim3     0x0000000020000330       0x48 ./Core/Src/main.o
                0x0000000020000330                htim3
 .bss.htim4     0x0000000020000378       0x48 ./Core/Src/main.o
                0x0000000020000378                htim4
 .bss.htim8     0x00000000200003c0       0x48 ./Core/Src/main.o
                0x00000000200003c0                htim8
 .bss.huart3    0x0000000020000408       0x44 ./Core/Src/main.o
                0x0000000020000408                huart3
 .bss.oledTaskHandle
                0x000000002000044c        0x4 ./Core/Src/main.o
                0x000000002000044c                oledTaskHandle
 .bss.commandTaskHandle
                0x0000000020000450        0x4 ./Core/Src/main.o
                0x0000000020000450                commandTaskHandle
 .bss.ADCTaskHandle
                0x0000000020000454        0x4 ./Core/Src/main.o
                0x0000000020000454                ADCTaskHandle
 .bss.moveDistTaskHandle
                0x0000000020000458        0x4 ./Core/Src/main.o
                0x0000000020000458                moveDistTaskHandle
 .bss.fastestPathTaskHandle
                0x000000002000045c        0x4 ./Core/Src/main.o
                0x000000002000045c                fastestPathTaskHandle
 .bss.buzzerTaskHandle
                0x0000000020000460        0x4 ./Core/Src/main.o
                0x0000000020000460                buzzerTaskHandle
 .bss.FLTaskHandle
                0x0000000020000464        0x4 ./Core/Src/main.o
                0x0000000020000464                FLTaskHandle
 .bss.FRTaskHandle
                0x0000000020000468        0x4 ./Core/Src/main.o
                0x0000000020000468                FRTaskHandle
 .bss.BLTaskHandle
                0x000000002000046c        0x4 ./Core/Src/main.o
                0x000000002000046c                BLTaskHandle
 .bss.BRTaskHandle
                0x0000000020000470        0x4 ./Core/Src/main.o
                0x0000000020000470                BRTaskHandle
 .bss.fastestPathV2Handle
                0x0000000020000474        0x4 ./Core/Src/main.o
                0x0000000020000474                fastestPathV2Handle
 .bss.batteryTaskHandle
                0x0000000020000478        0x4 ./Core/Src/main.o
                0x0000000020000478                batteryTaskHandle
 .bss.moveDistObsTaskHandle
                0x000000002000047c        0x4 ./Core/Src/main.o
                0x000000002000047c                moveDistObsTaskHandle
 .bss.aRxBuffer
                0x0000000020000480        0xa ./Core/Src/main.o
                0x0000000020000480                aRxBuffer
 *fill*         0x000000002000048a        0x2 
 .bss.cQueue    0x000000002000048c       0x34 ./Core/Src/main.o
                0x000000002000048c                cQueue
 .bss.curCmd    0x00000000200004c0        0x4 ./Core/Src/main.o
                0x00000000200004c0                curCmd
 .bss.rxMsg     0x00000000200004c4       0x10 ./Core/Src/main.o
                0x00000000200004c4                rxMsg
 .bss.ch        0x00000000200004d4       0x10 ./Core/Src/main.o
                0x00000000200004d4                ch
 .bss.manualMode
                0x00000000200004e4        0x1 ./Core/Src/main.o
                0x00000000200004e4                manualMode
 *fill*         0x00000000200004e5        0x3 
 .bss.targetAngle
                0x00000000200004e8        0x4 ./Core/Src/main.o
                0x00000000200004e8                targetAngle
 .bss.angleNow  0x00000000200004ec        0x4 ./Core/Src/main.o
                0x00000000200004ec                angleNow
 .bss.readGyroZData
                0x00000000200004f0        0x2 ./Core/Src/main.o
                0x00000000200004f0                readGyroZData
 .bss.gyroZ     0x00000000200004f2        0x2 ./Core/Src/main.o
                0x00000000200004f2                gyroZ
 .bss.newDutyL  0x00000000200004f4        0x2 ./Core/Src/main.o
                0x00000000200004f4                newDutyL
 .bss.newDutyR  0x00000000200004f6        0x2 ./Core/Src/main.o
                0x00000000200004f6                newDutyR
 .bss.last_curTask_tick
                0x00000000200004f8        0x4 ./Core/Src/main.o
                0x00000000200004f8                last_curTask_tick
 .bss.targetDist
                0x00000000200004fc        0x4 ./Core/Src/main.o
                0x00000000200004fc                targetDist
 .bss.curDistTick
                0x0000000020000500        0x2 ./Core/Src/main.o
                0x0000000020000500                curDistTick
 .bss.targetDistTick
                0x0000000020000502        0x2 ./Core/Src/main.o