../Core/Src/main.c:100:5:main	272	static
../Core/Src/main.c:213:6:SystemClock_Config	88	static
../Core/Src/main.c:255:13:MX_TIM1_Init	80	static
../Core/Src/main.c:319:13:MX_TIM2_Init	56	static
../Core/Src/main.c:368:13:MX_TIM3_Init	56	static
../Core/Src/main.c:417:13:MX_TIM4_Init	72	static
../Core/Src/main.c:490:13:MX_TIM8_Init	96	static
../Core/Src/main.c:568:13:MX_TIM11_Init	40	static
../Core/Src/main.c:614:13:MX_USART3_UART_Init	8	static
../Core/Src/main.c:647:13:MX_GPIO_Init	48	static
../Core/Src/main.c:685:6:HAL_UART_RxCpltCallback	24	static
../Core/Src/main.c:707:6:HAL_TIM_IC_CaptureCallback	40	static
../Core/Src/main.c:731:6:StartDefaultTask	16	static
../Core/Src/main.c:749:6:robotCommand	16	static
../Core/Src/main.c:767:6:leftEncoder	16	static
../Core/Src/main.c:785:6:rightEncoder	16	static
../Core/Src/main.c:803:6:stopBot	16	static
../Core/Src/main.c:821:6:LeftMotorFix	16	static
../Core/Src/main.c:839:6:motor	16	static
../Core/Src/main.c:857:6:OLEDShow	16	static
../Core/Src/main.c:875:6:rightMotorFix	16	static
../Core/Src/main.c:890:6:Error_Handler	4	static,ignoring_inline_asm
